Archive member included to satisfy reference by file (symbol)

c:/program files (x86)/atollic/truestudio for stm32 9.3.0/armtools/bin/../lib/gcc/arm-atollic-eabi/6.3.1/../../../../arm-atollic-eabi/lib/armv7e-m/fpu/fpv5-sp-d16\libc_nano.a(lib_a-errno.o)
                              Src\syscalls.o (__errno)
c:/program files (x86)/atollic/truestudio for stm32 9.3.0/armtools/bin/../lib/gcc/arm-atollic-eabi/6.3.1/../../../../arm-atollic-eabi/lib/armv7e-m/fpu/fpv5-sp-d16\libc_nano.a(lib_a-impure.o)
                              c:/program files (x86)/atollic/truestudio for stm32 9.3.0/armtools/bin/../lib/gcc/arm-atollic-eabi/6.3.1/../../../../arm-atollic-eabi/lib/armv7e-m/fpu/fpv5-sp-d16\libc_nano.a(lib_a-errno.o) (_impure_ptr)
c:/program files (x86)/atollic/truestudio for stm32 9.3.0/armtools/bin/../lib/gcc/arm-atollic-eabi/6.3.1/../../../../arm-atollic-eabi/lib/armv7e-m/fpu/fpv5-sp-d16\libc_nano.a(lib_a-init.o)
                              startup\startup_stm32f722xx.o (__libc_init_array)
c:/program files (x86)/atollic/truestudio for stm32 9.3.0/armtools/bin/../lib/gcc/arm-atollic-eabi/6.3.1/../../../../arm-atollic-eabi/lib/armv7e-m/fpu/fpv5-sp-d16\libc_nano.a(lib_a-memset.o)
                              Src\main.o (memset)
c:/program files (x86)/atollic/truestudio for stm32 9.3.0/armtools/bin/../lib/gcc/arm-atollic-eabi/6.3.1/../../../../arm-atollic-eabi/lib/armv7e-m/fpu/fpv5-sp-d16\libc_nano.a(lib_a-sprintf.o)
                              Src\main.o (sprintf)
c:/program files (x86)/atollic/truestudio for stm32 9.3.0/armtools/bin/../lib/gcc/arm-atollic-eabi/6.3.1/../../../../arm-atollic-eabi/lib/armv7e-m/fpu/fpv5-sp-d16\libc_nano.a(lib_a-strlen.o)
                              Src\main.o (strlen)
c:/program files (x86)/atollic/truestudio for stm32 9.3.0/armtools/bin/../lib/gcc/arm-atollic-eabi/6.3.1/../../../../arm-atollic-eabi/lib/armv7e-m/fpu/fpv5-sp-d16\libc_nano.a(lib_a-nano-svfprintf.o)
                              c:/program files (x86)/atollic/truestudio for stm32 9.3.0/armtools/bin/../lib/gcc/arm-atollic-eabi/6.3.1/../../../../arm-atollic-eabi/lib/armv7e-m/fpu/fpv5-sp-d16\libc_nano.a(lib_a-sprintf.o) (_svfprintf_r)
c:/program files (x86)/atollic/truestudio for stm32 9.3.0/armtools/bin/../lib/gcc/arm-atollic-eabi/6.3.1/../../../../arm-atollic-eabi/lib/armv7e-m/fpu/fpv5-sp-d16\libc_nano.a(lib_a-nano-vfprintf_i.o)
                              c:/program files (x86)/atollic/truestudio for stm32 9.3.0/armtools/bin/../lib/gcc/arm-atollic-eabi/6.3.1/../../../../arm-atollic-eabi/lib/armv7e-m/fpu/fpv5-sp-d16\libc_nano.a(lib_a-nano-svfprintf.o) (_printf_i)
c:/program files (x86)/atollic/truestudio for stm32 9.3.0/armtools/bin/../lib/gcc/arm-atollic-eabi/6.3.1/../../../../arm-atollic-eabi/lib/armv7e-m/fpu/fpv5-sp-d16\libc_nano.a(lib_a-memchr.o)
                              c:/program files (x86)/atollic/truestudio for stm32 9.3.0/armtools/bin/../lib/gcc/arm-atollic-eabi/6.3.1/../../../../arm-atollic-eabi/lib/armv7e-m/fpu/fpv5-sp-d16\libc_nano.a(lib_a-nano-svfprintf.o) (memchr)
c:/program files (x86)/atollic/truestudio for stm32 9.3.0/armtools/bin/../lib/gcc/arm-atollic-eabi/6.3.1/../../../../arm-atollic-eabi/lib/armv7e-m/fpu/fpv5-sp-d16\libc_nano.a(lib_a-memcpy-stub.o)
                              c:/program files (x86)/atollic/truestudio for stm32 9.3.0/armtools/bin/../lib/gcc/arm-atollic-eabi/6.3.1/../../../../arm-atollic-eabi/lib/armv7e-m/fpu/fpv5-sp-d16\libc_nano.a(lib_a-nano-svfprintf.o) (memcpy)
c:/program files (x86)/atollic/truestudio for stm32 9.3.0/armtools/bin/../lib/gcc/arm-atollic-eabi/6.3.1/../../../../arm-atollic-eabi/lib/armv7e-m/fpu/fpv5-sp-d16\libc_nano.a(lib_a-memmove.o)
                              c:/program files (x86)/atollic/truestudio for stm32 9.3.0/armtools/bin/../lib/gcc/arm-atollic-eabi/6.3.1/../../../../arm-atollic-eabi/lib/armv7e-m/fpu/fpv5-sp-d16\libc_nano.a(lib_a-nano-svfprintf.o) (memmove)
c:/program files (x86)/atollic/truestudio for stm32 9.3.0/armtools/bin/../lib/gcc/arm-atollic-eabi/6.3.1/../../../../arm-atollic-eabi/lib/armv7e-m/fpu/fpv5-sp-d16\libc_nano.a(lib_a-nano-freer.o)
                              c:/program files (x86)/atollic/truestudio for stm32 9.3.0/armtools/bin/../lib/gcc/arm-atollic-eabi/6.3.1/../../../../arm-atollic-eabi/lib/armv7e-m/fpu/fpv5-sp-d16\libc_nano.a(lib_a-nano-svfprintf.o) (_free_r)
c:/program files (x86)/atollic/truestudio for stm32 9.3.0/armtools/bin/../lib/gcc/arm-atollic-eabi/6.3.1/../../../../arm-atollic-eabi/lib/armv7e-m/fpu/fpv5-sp-d16\libc_nano.a(lib_a-nano-mallocr.o)
                              c:/program files (x86)/atollic/truestudio for stm32 9.3.0/armtools/bin/../lib/gcc/arm-atollic-eabi/6.3.1/../../../../arm-atollic-eabi/lib/armv7e-m/fpu/fpv5-sp-d16\libc_nano.a(lib_a-nano-svfprintf.o) (_malloc_r)
c:/program files (x86)/atollic/truestudio for stm32 9.3.0/armtools/bin/../lib/gcc/arm-atollic-eabi/6.3.1/../../../../arm-atollic-eabi/lib/armv7e-m/fpu/fpv5-sp-d16\libc_nano.a(lib_a-nano-reallocr.o)
[...]
Memory Configuration

Name             Origin             Length             Attributes
RAM              0x20000000         0x00040000         xrw
FLASH            0x08000000         0x00080000         xr
*default*        0x00000000         0xffffffff

Linker script and memory map

LOAD c:/program files (x86)/atollic/truestudio for stm32 9.3.0/armtools/bin/../lib/gcc/arm-atollic-eabi/6.3.1/armv7e-m/fpu/fpv5-sp-d16/crti.o
LOAD c:/program files (x86)/atollic/truestudio for stm32 9.3.0/armtools/bin/../lib/gcc/arm-atollic-eabi/6.3.1/armv7e-m/fpu/fpv5-sp-d16/crtbegin.o
LOAD Drivers\Ext\Src\Adafruit_ADS1015.o
LOAD Drivers\STM32F7xx_HAL_Driver\Src\stm32f7xx_hal.o
LOAD Drivers\STM32F7xx_HAL_Driver\Src\stm32f7xx_hal_adc.o
LOAD Drivers\STM32F7xx_HAL_Driver\Src\stm32f7xx_hal_adc_ex.o
LOAD Drivers\STM32F7xx_HAL_Driver\Src\stm32f7xx_hal_cortex.o
LOAD Drivers\STM32F7xx_HAL_Driver\Src\stm32f7xx_hal_dma.o
LOAD Drivers\STM32F7xx_HAL_Driver\Src\stm32f7xx_hal_dma_ex.o
LOAD Drivers\STM32F7xx_HAL_Driver\Src\stm32f7xx_hal_exti.o
LOAD Drivers\STM32F7xx_HAL_Driver\Src\stm32f7xx_hal_flash.o
LOAD Drivers\STM32F7xx_HAL_Driver\Src\stm32f7xx_hal_flash_ex.o
LOAD Drivers\STM32F7xx_HAL_Driver\Src\stm32f7xx_hal_gpio.o
LOAD Drivers\STM32F7xx_HAL_Driver\Src\stm32f7xx_hal_i2c.o
LOAD Drivers\STM32F7xx_HAL_Driver\Src\stm32f7xx_hal_i2c_ex.o
LOAD Drivers\STM32F7xx_HAL_Driver\Src\stm32f7xx_hal_pcd.o
LOAD Drivers\STM32F7xx_HAL_Driver\Src\stm32f7xx_hal_pcd_ex.o
LOAD Drivers\STM32F7xx_HAL_Driver\Src\stm32f7xx_hal_pwr.o
LOAD Drivers\STM32F7xx_HAL_Driver\Src\stm32f7xx_hal_pwr_ex.o
LOAD Drivers\STM32F7xx_HAL_Driver\Src\stm32f7xx_hal_rcc.o
LOAD Drivers\STM32F7xx_HAL_Driver\Src\stm32f7xx_hal_rcc_ex.o
LOAD Drivers\STM32F7xx_HAL_Driver\Src\stm32f7xx_hal_tim.o
LOAD Drivers\STM32F7xx_HAL_Driver\Src\stm32f7xx_hal_tim_ex.o
LOAD Drivers\STM32F7xx_HAL_Driver\Src\stm32f7xx_hal_uart.o
LOAD Drivers\STM32F7xx_HAL_Driver\Src\stm32f7xx_ll_usb.o
LOAD Src\main.o
LOAD Src\stm32f7xx_hal_msp.o
LOAD Src\stm32f7xx_it.o
LOAD Src\syscalls.o
LOAD Src\system_stm32f7xx.o
LOAD startup\startup_stm32f722xx.o
                0x00000080                malloc_getpagesize_P = 0x80
START GROUP
LOAD c:/program files (x86)/atollic/truestudio for stm32 9.3.0/armtools/bin/../lib/gcc/arm-atollic-eabi/6.3.1/../../../../arm-atollic-eabi/lib/armv7e-m/fpu/fpv5-sp-d16\libc_nano.a
LOAD c:/program files (x86)/atollic/truestudio for stm32 9.3.0/armtools/bin/../lib/gcc/arm-atollic-eabi/6.3.1/../../../../arm-atollic-eabi/lib/armv7e-m/fpu/fpv5-sp-d16\libm.a
END GROUP
START GROUP
LOAD c:/program files (x86)/atollic/truestudio for stm32 9.3.0/armtools/bin/../lib/gcc/arm-atollic-eabi/6.3.1/armv7e-m/fpu/fpv5-sp-d16\libgcc.a
LOAD c:/program files (x86)/atollic/truestudio for stm32 9.3.0/armtools/bin/../lib/gcc/arm-atollic-eabi/6.3.1/../../../../arm-atollic-eabi/lib/armv7e-m/fpu/fpv5-sp-d16\libc_nano.a
END GROUP
START GROUP
LOAD c:/program files (x86)/atollic/truestudio for stm32 9.3.0/armtools/bin/../lib/gcc/arm-atollic-eabi/6.3.1/armv7e-m/fpu/fpv5-sp-d16\libgcc.a
LOAD c:/program files (x86)/atollic/truestudio for stm32 9.3.0/armtools/bin/../lib/gcc/arm-atollic-eabi/6.3.1/../../../../arm-atollic-eabi/lib/armv7e-m/fpu/fpv5-sp-d16\libc_nano.a
LOAD c:/program files (x86)/atollic/truestudio for stm32 9.3.0/armtools/bin/../lib/gcc/arm-atollic-eabi/6.3.1/../../../../arm-atollic-eabi/lib/armv7e-m/fpu/fpv5-sp-d16\libnosys.a
END GROUP
START GROUP
LOAD c:/program files (x86)/atollic/truestudio for stm32 9.3.0/armtools/bin/../lib/gcc/arm-atollic-eabi/6.3.1/armv7e-m/fpu/fpv5-sp-d16\libgcc.a
LOAD c:/program files (x86)/atollic/truestudio for stm32 9.3.0/armtools/bin/../lib/gcc/arm-atollic-eabi/6.3.1/../../../../arm-atollic-eabi/lib/armv7e-m/fpu/fpv5-sp-d16\libc_nano.a
LOAD c:/program files (x86)/atollic/truestudio for stm32 9.3.0/armtools/bin/../lib/gcc/arm-atollic-eabi/6.3.1/../../../../arm-atollic-eabi/lib/armv7e-m/fpu/fpv5-sp-d16\libnosys.a
END GROUP
LOAD c:/program files (x86)/atollic/truestudio for stm32 9.3.0/armtools/bin/../lib/gcc/arm-atollic-eabi/6.3.1/armv7e-m/fpu/fpv5-sp-d16/crtend.o
LOAD c:/program files (x86)/atollic/truestudio for stm32 9.3.0/armtools/bin/../lib/gcc/arm-atollic-eabi/6.3.1/armv7e-m/fpu/fpv5-sp-d16/crtn.o
                0x20040000                _estack = 0x20040000
                0x00000200                _Min_Heap_Size = 0x200
                0x00000400                _Min_Stack_Size = 0x400

.isr_vector     0x08000000      0x1e0
                0x08000000                . = ALIGN (0x4)
 *(.isr_vector)
 .isr_vector    0x08000000      0x1e0 startup\startup_stm32f722xx.o
                0x08000000                g_pfnVectors
                0x080001e0                . = ALIGN (0x4)

.text           0x080001e0     0x3800
                0x080001e0                . = ALIGN (0x4)
 *(.text)
 .text          0x080001e0       0x40 c:/program files (x86)/atollic/truestudio for stm32 9.3.0/armtools/bin/../lib/gcc/arm-atollic-eabi/6.3.1/armv7e-m/fpu/fpv5-sp-d16/crtbegin.o
 .text          0x08000220       0x10 c:/program files (x86)/atollic/truestudio for stm32 9.3.0/armtools/bin/../lib/gcc/arm-atollic-eabi/6.3.1/../../../../arm-atollic-eabi/lib/armv7e-m/fpu/fpv5-sp-d16\libc_nano.a(lib_a-strlen.o)
                0x08000220                strlen
 .text          0x08000230       0xa0 c:/program files (x86)/atollic/truestudio for stm32 9.3.0/armtools/bin/../lib/gcc/arm-atollic-eabi/6.3.1/../../../../arm-atollic-eabi/lib/armv7e-m/fpu/fpv5-sp-d16\libc_nano.a(lib_a-memchr.o)
                0x08000230                memchr
 .text          0x080002d0       0x30 c:/program files (x86)/atollic/truestudio for stm32 9.3.0/armtools/bin/../lib/gcc/arm-atollic-eabi/6.3.1/armv7e-m/fpu/fpv5-sp-d16\libgcc.a(_aeabi_uldivmod.o)
                0x080002d0                __aeabi_uldivmod
 .text          0x08000300      0x2dc c:/program files (x86)/atollic/truestudio for stm32 9.3.0/armtools/bin/../lib/gcc/arm-atollic-eabi/6.3.1/armv7e-m/fpu/fpv5-sp-d16\libgcc.a(_udivmoddi4.o)
                0x08000300                __udivmoddi4
 .text          0x080005dc        0x4 c:/program files (x86)/atollic/truestudio for stm32 9.3.0/armtools/bin/../lib/gcc/arm-atollic-eabi/6.3.1/armv7e-m/fpu/fpv5-sp-d16\libgcc.a(_dvmd_tls.o)
                0x080005dc                __aeabi_idiv0
                0x080005dc                __aeabi_ldiv0
 *(.text*)
 .text.HAL_InitTick
                0x080005e0       0x4c Drivers\STM32F7xx_HAL_Driver\Src\stm32f7xx_hal.o
                0x080005e0                HAL_InitTick
 .text.HAL_Init
                0x0800062c       0x16 Drivers\STM32F7xx_HAL_Driver\Src\stm32f7xx_hal.o
                0x0800062c                HAL_Init
 *fill*         0x08000642        0x2 
 .text.HAL_IncTick
                0x08000644       0x18 Drivers\STM32F7xx_HAL_Driver\Src\stm32f7xx_hal.o
                0x08000644                HAL_IncTick
 .text.HAL_GetTick
                0x0800065c        0xc Drivers\STM32F7xx_HAL_Driver\Src\stm32f7xx_hal.o
                0x0800065c                HAL_GetTick
 .text.HAL_Delay
                0x08000668       0x28 Drivers\STM32F7xx_HAL_Driver\Src\stm32f7xx_hal.o
                0x08000668                HAL_Delay
 .text.ADC_Init
                0x08000690      0x134 Drivers\STM32F7xx_HAL_Driver\Src\stm32f7xx_hal_adc.o
 .text.HAL_ADC_Init
                0x080007c4       0x58 Drivers\STM32F7xx_HAL_Driver\Src\stm32f7xx_hal_adc.o
                0x080007c4                HAL_ADC_Init
 .text.HAL_ADC_ConfigChannel
                0x0800081c      0x1ac Drivers\STM32F7xx_HAL_Driver\Src\stm32f7xx_hal_adc.o
                0x0800081c                HAL_ADC_ConfigChannel
 .text.HAL_NVIC_SetPriorityGrouping
                0x080009c8       0x24 Drivers\STM32F7xx_HAL_Driver\Src\stm32f7xx_hal_cortex.o
                0x080009c8                HAL_NVIC_SetPriorityGrouping
 .text.HAL_NVIC_SetPriority
                0x080009ec       0x60 Drivers\STM32F7xx_HAL_Driver\Src\stm32f7xx_hal_cortex.o
                0x080009ec                HAL_NVIC_SetPriority
 .text.HAL_SYSTICK_Config
                0x08000a4c       0x2c Drivers\STM32F7xx_HAL_Driver\Src\stm32f7xx_hal_cortex.o
                0x08000a4c                HAL_SYSTICK_Config
 .text.HAL_GPIO_Init
                0x08000a78      0x1c4 Drivers\STM32F7xx_HAL_Driver\Src\stm32f7xx_hal_gpio.o
                0x08000a78                HAL_GPIO_Init
 .text.HAL_GPIO_WritePin
                0x08000c3c        0xc Drivers\STM32F7xx_HAL_Driver\Src\stm32f7xx_hal_gpio.o
                0x08000c3c                HAL_GPIO_WritePin
 .text.I2C_Flush_TXDR
                0x08000c48       0x22 Drivers\STM32F7xx_HAL_Driver\Src\stm32f7xx_hal_i2c.o
 .text.I2C_TransferConfig
                0x08000c6a       0x36 Drivers\STM32F7xx_HAL_Driver\Src\stm32f7xx_hal_i2c.o
 .text.I2C_IsAcknowledgeFailed
                0x08000ca0       0x90 Drivers\STM32F7xx_HAL_Driver\Src\stm32f7xx_hal_i2c.o
 .text.I2C_WaitOnTXISFlagUntilTimeout
                0x08000d30       0x56 Drivers\STM32F7xx_HAL_Driver\Src\stm32f7xx_hal_i2c.o
 .text.I2C_WaitOnFlagUntilTimeout
                0x08000d86       0x52 Drivers\STM32F7xx_HAL_Driver\Src\stm32f7xx_hal_i2c.o
 .text.I2C_WaitOnSTOPFlagUntilTimeout
                0x08000dd8       0x50 Drivers\STM32F7xx_HAL_Driver\Src\stm32f7xx_hal_i2c.o
 .text.I2C_WaitOnRXNEFlagUntilTimeout
                0x08000e28       0x98 Drivers\STM32F7xx_HAL_Driver\Src\stm32f7xx_hal_i2c.o
 .text.HAL_I2C_Init
                0x08000ec0       0xbc Drivers\STM32F7xx_HAL_Driver\Src\stm32f7xx_hal_i2c.o
                0x08000ec0                HAL_I2C_Init
 .text.HAL_I2C_Master_Transmit
                0x08000f7c      0x178 Drivers\STM32F7xx_HAL_Driver\Src\stm32f7xx_hal_i2c.o
                0x08000f7c                HAL_I2C_Master_Transmit
 .text.HAL_I2C_Master_Receive
                0x080010f4      0x178 Drivers\STM32F7xx_HAL_Driver\Src\stm32f7xx_hal_i2c.o
                0x080010f4                HAL_I2C_Master_Receive
 .text.HAL_I2CEx_ConfigAnalogFilter
                0x0800126c       0x5c Drivers\STM32F7xx_HAL_Driver\Src\stm32f7xx_hal_i2c_ex.o
                0x0800126c                HAL_I2CEx_ConfigAnalogFilter
 .text.HAL_I2CEx_ConfigDigitalFilter
                0x080012c8       0x58 Drivers\STM32F7xx_HAL_Driver\Src\stm32f7xx_hal_i2c_ex.o
                0x080012c8                HAL_I2CEx_ConfigDigitalFilter
 .text.HAL_PCD_Init
                0x08001320      0x122 Drivers\STM32F7xx_HAL_Driver\Src\stm32f7xx_hal_pcd.o
                0x08001320                HAL_PCD_Init
 *fill*         0x08001442        0x2 
 .text.HAL_PCDEx_ActivateLPM
                0x08001444       0x28 Drivers\STM32F7xx_HAL_Driver\Src\stm32f7xx_hal_pcd_ex.o
                0x08001444                HAL_PCDEx_ActivateLPM
 .text.HAL_PWR_EnableBkUpAccess
                0x0800146c       0x10 Drivers\STM32F7xx_HAL_Driver\Src\stm32f7xx_hal_pwr.o
                0x0800146c                HAL_PWR_EnableBkUpAccess
 .text.HAL_PWREx_EnableOverDrive
                0x0800147c       0x7c Drivers\STM32F7xx_HAL_Driver\Src\stm32f7xx_hal_pwr_ex.o
                0x0800147c                HAL_PWREx_EnableOverDrive
 .text.HAL_RCC_OscConfig
                0x080014f8      0x3d4 Drivers\STM32F7xx_HAL_Driver\Src\stm32f7xx_hal_rcc.o
                0x080014f8                HAL_RCC_OscConfig
 .text.HAL_RCC_GetSysClockFreq
                0x080018cc       0xd4 Drivers\STM32F7xx_HAL_Driver\Src\stm32f7xx_hal_rcc.o
                0x080018cc                HAL_RCC_GetSysClockFreq
 .text.HAL_RCC_ClockConfig
                0x080019a0      0x164 Drivers\STM32F7xx_HAL_Driver\Src\stm32f7xx_hal_rcc.o
                0x080019a0                HAL_RCC_ClockConfig
 .text.HAL_RCC_GetHCLKFreq
                0x08001b04        0xc Drivers\STM32F7xx_HAL_Driver\Src\stm32f7xx_hal_rcc.o
                0x08001b04                HAL_RCC_GetHCLKFreq
 .text.HAL_RCC_GetPCLK1Freq
                0x08001b10       0x20 Drivers\STM32F7xx_HAL_Driver\Src\stm32f7xx_hal_rcc.o
                0x08001b10                HAL_RCC_GetPCLK1Freq
 .text.HAL_RCC_GetPCLK2Freq
                0x08001b30       0x20 Drivers\STM32F7xx_HAL_Driver\Src\stm32f7xx_hal_rcc.o
                0x08001b30                HAL_RCC_GetPCLK2Freq
 .text.HAL_RCCEx_PeriphCLKConfig
                0x08001b50      0x4ec Drivers\STM32F7xx_HAL_Driver\Src\stm32f7xx_hal_rcc_ex.o
                0x08001b50                HAL_RCCEx_PeriphCLKConfig
 .text.UART_SetConfig
                0x0800203c      0x37c Drivers\STM32F7xx_HAL_Driver\Src\stm32f7xx_hal_uart.o
                0x0800203c                UART_SetConfig
 .text.UART_AdvFeatureConfig
                0x080023b8       0xca Drivers\STM32F7xx_HAL_Driver\Src\stm32f7xx_hal_uart.o
                0x080023b8                UART_AdvFeatureConfig
 .text.UART_WaitOnFlagUntilTimeout
                0x08002482       0x62 Drivers\STM32F7xx_HAL_Driver\Src\stm32f7xx_hal_uart.o
                0x08002482                UART_WaitOnFlagUntilTimeout
 .text.HAL_UART_Transmit
                0x080024e4       0xd6 Drivers\STM32F7xx_HAL_Driver\Src\stm32f7xx_hal_uart.o
                0x080024e4                HAL_UART_Transmit
 .text.UART_CheckIdleState
                0x080025ba       0x44 Drivers\STM32F7xx_HAL_Driver\Src\stm32f7xx_hal_uart.o
                0x080025ba                UART_CheckIdleState
 .text.HAL_UART_Init
                0x080025fe       0x64 Drivers\STM32F7xx_HAL_Driver\Src\stm32f7xx_hal_uart.o
                0x080025fe                HAL_UART_Init
 *fill*         0x08002662        0x2 
 .text.USB_CoreReset
                0x08002664       0x3c Drivers\STM32F7xx_HAL_Driver\Src\stm32f7xx_ll_usb.o
 .text.USB_CoreInit
                0x080026a0       0x7c Drivers\STM32F7xx_HAL_Driver\Src\stm32f7xx_ll_usb.o
                0x080026a0                USB_CoreInit
 .text.USB_DisableGlobalInt
                0x0800271c        0xc Drivers\STM32F7xx_HAL_Driver\Src\stm32f7xx_ll_usb.o
                0x0800271c                USB_DisableGlobalInt
 .text.USB_SetCurrentMode
                0x08002728       0x30 Drivers\STM32F7xx_HAL_Driver\Src\stm32f7xx_ll_usb.o
                0x08002728                USB_SetCurrentMode
 .text.USB_FlushTxFifo
                0x08002758       0x28 Drivers\STM32F7xx_HAL_Driver\Src\stm32f7xx_ll_usb.o
                0x08002758                USB_FlushTxFifo
 .text.USB_FlushRxFifo
                0x08002780       0x24 Drivers\STM32F7xx_HAL_Driver\Src\stm32f7xx_ll_usb.o
                0x08002780                USB_FlushRxFifo
 .text.USB_SetDevSpeed
                0x080027a4        0xe Drivers\STM32F7xx_HAL_Driver\Src\stm32f7xx_ll_usb.o
                0x080027a4                USB_SetDevSpeed
 *fill*         0x080027b2        0x2 
 .text.USB_DevInit
                0x080027b4      0x1b4 Drivers\STM32F7xx_HAL_Driver\Src\stm32f7xx_ll_usb.o
                0x080027b4                USB_DevInit
 .text.USB_DevDisconnect
                0x08002968       0x18 Drivers\STM32F7xx_HAL_Driver\Src\stm32f7xx_ll_usb.o
                0x08002968                USB_DevDisconnect
 .text.MX_GPIO_Init
                0x08002980       0xfc Src\main.o
 .text.ADS1015_readADC_SingleEnded
                0x08002a7c       0xe8 Src\main.o
                0x08002a7c                ADS1015_readADC_SingleEnded
 .text.TestI2C_A2D
                0x08002b64       0x34 Src\main.o
                0x08002b64                TestI2C_A2D
 .text.Error_Handler
                0x08002b98       0x38 Src\main.o
                0x08002b98                Error_Handler
 .text.MX_USART3_UART_Init
                0x08002bd0       0x38 Src\main.o
 .text.MX_USB_OTG_FS_PCD_Init
                0x08002c08       0x34 Src\main.o
 .text.MX_ADC1_Init
                0x08002c3c       0x74 Src\main.o
 .text.MX_I2C1_Init
                0x08002cb0       0x54 Src\main.o
 .text.SystemClock_Config
                0x08002d04       0xd8 Src\main.o
                0x08002d04                SystemClock_Config
 .text.main     0x08002ddc       0x30 Src\main.o
                0x08002ddc                main
 .text.HAL_MspInit
                0x08002e0c       0x30 Src\stm32f7xx_hal_msp.o
                0x08002e0c                HAL_MspInit
 .text.HAL_ADC_MspInit
                0x08002e3c       0x88 Src\stm32f7xx_hal_msp.o
                0x08002e3c                HAL_ADC_MspInit
 .text.HAL_I2C_MspInit
                0x08002ec4       0x70 Src\stm32f7xx_hal_msp.o
                0x08002ec4                HAL_I2C_MspInit
 .text.HAL_UART_MspInit
                0x08002f34       0x6c Src\stm32f7xx_hal_msp.o
                0x08002f34                HAL_UART_MspInit
 .text.HAL_PCD_MspInit
                0x08002fa0       0x90 Src\stm32f7xx_hal_msp.o
                0x08002fa0                HAL_PCD_MspInit
 .text.NMI_Handler
                0x08003030        0x2 Src\stm32f7xx_it.o
                0x08003030                NMI_Handler
 .text.HardFault_Handler
                0x08003032        0x2 Src\stm32f7xx_it.o
                0x08003032                HardFault_Handler
 .text.MemManage_Handler
                0x08003034        0x2 Src\stm32f7xx_it.o
                0x08003034                MemManage_Handler
 .text.BusFault_Handler
                0x08003036        0x2 Src\stm32f7xx_it.o
                0x08003036                BusFault_Handler
 .text.UsageFault_Handler
                0x08003038        0x2 Src\stm32f7xx_it.o
                0x08003038                UsageFault_Handler
 .text.SVC_Handler
                0x0800303a        0x2 Src\stm32f7xx_it.o
                0x0800303a                SVC_Handler
 .text.DebugMon_Handler
                0x0800303c        0x2 Src\stm32f7xx_it.o
                0x0800303c                DebugMon_Handler
 .text.PendSV_Handler
                0x0800303e        0x2 Src\stm32f7xx_it.o
                0x0800303e                PendSV_Handler
 .text.SysTick_Handler
                0x08003040        0x8 Src\stm32f7xx_it.o
                0x08003040                SysTick_Handler
 .text._sbrk    0x08003048       0x3c Src\syscalls.o
                0x08003048                _sbrk
 .text.SystemInit
                0x08003084       0x50 Src\system_stm32f7xx.o
                0x08003084                SystemInit
 .text.Reset_Handler
                0x080030d4       0x50 startup\startup_stm32f722xx.o
                0x080030d4                Reset_Handler
 .text.Default_Handler
                0x08003124        0x2 startup\startup_stm32f722xx.o
                0x08003124                RTC_Alarm_IRQHandler
                0x08003124                EXTI2_IRQHandler
                0x08003124                TIM8_CC_IRQHandler
                0x08003124                UART8_IRQHandler
                0x08003124                SPI4_IRQHandler
                0x08003124                TIM1_CC_IRQHandler
                0x08003124                DMA2_Stream5_IRQHandler
                0x08003124                DMA1_Stream5_IRQHandler
                0x08003124                PVD_IRQHandler
                0x08003124                TAMP_STAMP_IRQHandler
                0x08003124                EXTI3_IRQHandler
                0x08003124                TIM8_TRG_COM_TIM14_IRQHandler
                0x08003124                TIM1_UP_TIM10_IRQHandler
                0x08003124                TIM8_UP_TIM13_IRQHandler
                0x08003124                I2C3_ER_IRQHandler
                0x08003124                EXTI0_IRQHandler
                0x08003124                I2C2_EV_IRQHandler
                0x08003124                DMA1_Stream2_IRQHandler
                0x08003124                CAN1_RX0_IRQHandler
                0x08003124                FPU_IRQHandler
                0x08003124                OTG_HS_WKUP_IRQHandler
                0x08003124                DMA2_Stream2_IRQHandler
                0x08003124                SPI1_IRQHandler
                0x08003124                TIM6_DAC_IRQHandler
                0x08003124                TIM1_BRK_TIM9_IRQHandler
                0x08003124                DMA2_Stream3_IRQHandler
                0x08003124                SAI2_IRQHandler
                0x08003124                USART6_IRQHandler
                0x08003124                USART3_IRQHandler
                0x08003124                CAN1_RX1_IRQHandler
                0x08003124                UART5_IRQHandler
                0x08003124                DMA2_Stream0_IRQHandler
                0x08003124                TIM4_IRQHandler
                0x08003124                QUADSPI_IRQHandler
                0x08003124                I2C1_EV_IRQHandler
                0x08003124                DMA1_Stream6_IRQHandler
                0x08003124                DMA1_Stream1_IRQHandler
                0x08003124                UART4_IRQHandler
                0x08003124                TIM3_IRQHandler
                0x08003124                RCC_IRQHandler
                0x08003124                TIM8_BRK_TIM12_IRQHandler
                0x08003124                Default_Handler
                0x08003124                EXTI15_10_IRQHandler
                0x08003124                ADC_IRQHandler
                0x08003124                DMA1_Stream7_IRQHandler
                0x08003124                SPI5_IRQHandler
                0x08003124                TIM7_IRQHandler
                0x08003124                SDMMC1_IRQHandler
                0x08003124                TIM5_IRQHandler
                0x08003124                DMA2_Stream7_IRQHandler
                0x08003124                I2C3_EV_IRQHandler
                0x08003124                EXTI9_5_IRQHandler
                0x08003124                RTC_WKUP_IRQHandler
                0x08003124                SPI2_IRQHandler
                0x08003124                OTG_HS_EP1_IN_IRQHandler
                0x08003124                DMA1_Stream0_IRQHandler
                0x08003124                CAN1_TX_IRQHandler
                0x08003124                EXTI4_IRQHandler
                0x08003124                RNG_IRQHandler
                0x08003124                OTG_HS_EP1_OUT_IRQHandler
                0x08003124                WWDG_IRQHandler
                0x08003124                TIM2_IRQHandler
                0x08003124                OTG_FS_WKUP_IRQHandler
                0x08003124                TIM1_TRG_COM_TIM11_IRQHandler
                0x08003124                OTG_HS_IRQHandler
                0x08003124                EXTI1_IRQHandler
                0x08003124                SDMMC2_IRQHandler
                0x08003124                UART7_IRQHandler
                0x08003124                USART2_IRQHandler
                0x08003124                I2C2_ER_IRQHandler
                0x08003124                DMA2_Stream1_IRQHandler
                0x08003124                CAN1_SCE_IRQHandler
                0x08003124                FLASH_IRQHandler
                0x08003124                DMA2_Stream4_IRQHandler
                0x08003124                USART1_IRQHandler
                0x08003124                OTG_FS_IRQHandler
                0x08003124                SPI3_IRQHandler
                0x08003124                DMA1_Stream4_IRQHandler
                0x08003124                I2C1_ER_IRQHandler
                0x08003124                FMC_IRQHandler
                0x08003124                LPTIM1_IRQHandler
                0x08003124                DMA2_Stream6_IRQHandler
                0x08003124                SAI1_IRQHandler
                0x08003124                DMA1_Stream3_IRQHandler
 *fill*         0x08003126        0x2 
 .text.__errno  0x08003128        0xc c:/program files (x86)/atollic/truestudio for stm32 9.3.0/armtools/bin/../lib/gcc/arm-atollic-eabi/6.3.1/../../../../arm-atollic-eabi/lib/armv7e-m/fpu/fpv5-sp-d16\libc_nano.a(lib_a-errno.o)
                0x08003128                __errno
 .text.__libc_init_array
                0x08003134       0x48 c:/program files (x86)/atollic/truestudio for stm32 9.3.0/armtools/bin/../lib/gcc/arm-atollic-eabi/6.3.1/../../../../arm-atollic-eabi/lib/armv7e-m/fpu/fpv5-sp-d16\libc_nano.a(lib_a-init.o)
                0x08003134                __libc_init_array
 .text.memset   0x0800317c       0x10 c:/program files (x86)/atollic/truestudio for stm32 9.3.0/armtools/bin/../lib/gcc/arm-atollic-eabi/6.3.1/../../../../arm-atollic-eabi/lib/armv7e-m/fpu/fpv5-sp-d16\libc_nano.a(lib_a-memset.o)
                0x0800317c                memset
 .text.sprintf  0x0800318c       0x48 c:/program files (x86)/atollic/truestudio for stm32 9.3.0/armtools/bin/../lib/gcc/arm-atollic-eabi/6.3.1/../../../../arm-atollic-eabi/lib/armv7e-m/fpu/fpv5-sp-d16\libc_nano.a(lib_a-sprintf.o)
                0x0800318c                siprintf
                0x0800318c                sprintf
 .text.__ssputs_r
                0x080031d4       0xb6 c:/program files (x86)/atollic/truestudio for stm32 9.3.0/armtools/bin/../lib/gcc/arm-atollic-eabi/6.3.1/../../../../arm-atollic-eabi/lib/armv7e-m/fpu/fpv5-sp-d16\libc_nano.a(lib_a-nano-svfprintf.o)
                0x080031d4                __ssputs_r
 *fill*         0x0800328a        0x2 
 .text._svfprintf_r
                0x0800328c      0x1e8 c:/program files (x86)/atollic/truestudio for stm32 9.3.0/armtools/bin/../lib/gcc/arm-atollic-eabi/6.3.1/../../../../arm-atollic-eabi/lib/armv7e-m/fpu/fpv5-sp-d16\libc_nano.a(lib_a-nano-svfprintf.o)
                0x0800328c                _svfiprintf_r
                0x0800328c                _svfprintf_r
 .text._printf_common
                0x08003474       0xec c:/program files (x86)/atollic/truestudio for stm32 9.3.0/armtools/bin/../lib/gcc/arm-atollic-eabi/6.3.1/../../../../arm-atollic-eabi/lib/armv7e-m/fpu/fpv5-sp-d16\libc_nano.a(lib_a-nano-vfprintf_i.o)
                0x08003474                _printf_common
 .text._printf_i
                0x08003560      0x240 c:/program files (x86)/atollic/truestudio for stm32 9.3.0/armtools/bin/../lib/gcc/arm-atollic-eabi/6.3.1/../../../../arm-atollic-eabi/lib/armv7e-m/fpu/fpv5-sp-d16\libc_nano.a(lib_a-nano-vfprintf_i.o)
                0x08003560                _printf_i
 .text.memcpy   0x080037a0       0x16 c:/program files (x86)/atollic/truestudio for stm32 9.3.0/armtools/bin/../lib/gcc/arm-atollic-eabi/6.3.1/../../../../arm-atollic-eabi/lib/armv7e-m/fpu/fpv5-sp-d16\libc_nano.a(lib_a-memcpy-stub.o)
                0x080037a0                memcpy
 .text.memmove  0x080037b6       0x34 c:/program files (x86)/atollic/truestudio for stm32 9.3.0/armtools/bin/../lib/gcc/arm-atollic-eabi/6.3.1/../../../../arm-atollic-eabi/lib/armv7e-m/fpu/fpv5-sp-d16\libc_nano.a(lib_a-memmove.o)
                0x080037b6                memmove
 *fill*         0x080037ea        0x2 
 .text._free_r  0x080037ec       0x9c c:/program files (x86)/atollic/truestudio for stm32 9.3.0/armtools/bin/../lib/gcc/arm-atollic-eabi/6.3.1/../../../../arm-atollic-eabi/lib/armv7e-m/fpu/fpv5-sp-d16\libc_nano.a(lib_a-nano-freer.o)
                0x080037ec                _free_r
 .text._malloc_r
                0x08003888       0xbc c:/program files (x86)/atollic/truestudio for stm32 9.3.0/armtools/bin/../lib/gcc/arm-atollic-eabi/6.3.1/../../../../arm-atollic-eabi/lib/armv7e-m/fpu/fpv5-sp-d16\libc_nano.a(lib_a-nano-mallocr.o)
                0x08003888                _malloc_r
 .text._realloc_r
                0x08003944       0x4c c:/program files (x86)/atollic/truestudio for stm32 9.3.0/armtools/bin/../lib/gcc/arm-atollic-eabi/6.3.1/../../../../arm-atollic-eabi/lib/armv7e-m/fpu/fpv5-sp-d16\libc_nano.a(lib_a-nano-reallocr.o)
                0x08003944                _realloc_r
 .text._sbrk_r  0x08003990       0x20 c:/program files (x86)/atollic/truestudio for stm32 9.3.0/armtools/bin/../lib/gcc/arm-atollic-eabi/6.3.1/../../../../arm-atollic-eabi/lib/armv7e-m/fpu/fpv5-sp-d16\libc_nano.a(lib_a-sbrkr.o)
                0x08003990                _sbrk_r
 .text.__malloc_lock
                0x080039b0        0x2 c:/program files (x86)/atollic/truestudio for stm32 9.3.0/armtools/bin/../lib/gcc/arm-atollic-eabi/6.3.1/../../../../arm-atollic-eabi/lib/armv7e-m/fpu/fpv5-sp-d16\libc_nano.a(lib_a-mlock.o)
                0x080039b0                __malloc_lock
 .text.__malloc_unlock
                0x080039b2        0x2 c:/program files (x86)/atollic/truestudio for stm32 9.3.0/armtools/bin/../lib/gcc/arm-atollic-eabi/6.3.1/../../../../arm-atollic-eabi/lib/armv7e-m/fpu/fpv5-sp-d16\libc_nano.a(lib_a-mlock.o)
                0x080039b2                __malloc_unlock
 .text._malloc_usable_size_r
                0x080039b4       0x12 c:/program files (x86)/atollic/truestudio for stm32 9.3.0/armtools/bin/../lib/gcc/arm-atollic-eabi/6.3.1/../../../../arm-atollic-eabi/lib/armv7e-m/fpu/fpv5-sp-d16\libc_nano.a(lib_a-nano-msizer.o)
                0x080039b4                _malloc_usable_size_r
 *(.glue_7)
 .glue_7        0x080039c6        0x0 linker stubs
 *(.glue_7t)
 .glue_7t       0x080039c6        0x0 linker stubs
 *(.eh_frame)
 *fill*         0x080039c6        0x2 
 .eh_frame      0x080039c8        0x0 c:/program files (x86)/atollic/truestudio for stm32 9.3.0/armtools/bin/../lib/gcc/arm-atollic-eabi/6.3.1/armv7e-m/fpu/fpv5-sp-d16/crtbegin.o
 *(.init)
 .init          0x080039c8        0x4 c:/program files (x86)/atollic/truestudio for stm32 9.3.0/armtools/bin/../lib/gcc/arm-atollic-eabi/6.3.1/armv7e-m/fpu/fpv5-sp-d16/crti.o
                0x080039c8                _init
 .init          0x080039cc        0x8 c:/program files (x86)/atollic/truestudio for stm32 9.3.0/armtools/bin/../lib/gcc/arm-atollic-eabi/6.3.1/armv7e-m/fpu/fpv5-sp-d16/crtn.o
 *(.fini)
 .fini          0x080039d4        0x4 c:/program files (x86)/atollic/truestudio for stm32 9.3.0/armtools/bin/../lib/gcc/arm-atollic-eabi/6.3.1/armv7e-m/fpu/fpv5-sp-d16/crti.o
                0x080039d4                _fini
 .fini          0x080039d8        0x8 c:/program files (x86)/atollic/truestudio for stm32 9.3.0/armtools/bin/../lib/gcc/arm-atollic-eabi/6.3.1/armv7e-m/fpu/fpv5-sp-d16/crtn.o
                0x080039e0                . = ALIGN (0x4)
                0x080039e0                _etext = .

.vfp11_veneer   0x080039e0        0x0
 .vfp11_veneer  0x080039e0        0x0 linker stubs

.v4_bx          0x080039e0        0x0
 .v4_bx         0x080039e0        0x0 linker stubs

.iplt           0x080039e0        0x0
 .iplt          0x080039e0        0x0 c:/program files (x86)/atollic/truestudio for stm32 9.3.0/armtools/bin/../lib/gcc/arm-atollic-eabi/6.3.1/armv7e-m/fpu/fpv5-sp-d16/crtbegin.o

.rodata         0x080039e0       0xb8
                0x080039e0                . = ALIGN (0x4)
 *(.rodata)
 *(.rodata*)
 .rodata.ADS1015_readADC_SingleEnded.str1.4
                0x080039e0       0x47 Src\main.o
 *fill*         0x08003a27        0x1 
 .rodata.Error_Handler.str1.4
                0x08003a28       0x15 Src\main.o
 *fill*         0x08003a3d        0x3 
 .rodata.TestI2C_A2D.str1.4
                0x08003a40        0xc Src\main.o
                                  0x9 (size before relaxing)
 .rodata.AHBPrescTable
                0x08003a4c       0x10 Src\system_stm32f7xx.o
                0x08003a4c                AHBPrescTable
 .rodata.APBPrescTable
                0x08003a5c        0x8 Src\system_stm32f7xx.o
                0x08003a5c                APBPrescTable
 .rodata._svfprintf_r.str1.1
                0x08003a64       0x11 c:/program files (x86)/atollic/truestudio for stm32 9.3.0/armtools/bin/../lib/gcc/arm-atollic-eabi/6.3.1/../../../../arm-atollic-eabi/lib/armv7e-m/fpu/fpv5-sp-d16\libc_nano.a(lib_a-nano-svfprintf.o)
 .rodata._printf_i.str1.1
                0x08003a75       0x22 c:/program files (x86)/atollic/truestudio for stm32 9.3.0/armtools/bin/../lib/gcc/arm-atollic-eabi/6.3.1/../../../../arm-atollic-eabi/lib/armv7e-m/fpu/fpv5-sp-d16\libc_nano.a(lib_a-nano-vfprintf_i.o)
                0x08003a98                . = ALIGN (0x4)
 *fill*         0x08003a97        0x1 

.ARM.extab
 *(.ARM.extab* .gnu.linkonce.armextab.*)

.ARM            0x08003a98        0x8
                0x08003a98                __exidx_start = .
 *(.ARM.exidx*)
 .ARM.exidx     0x08003a98        0x8 c:/program files (x86)/atollic/truestudio for stm32 9.3.0/armtools/bin/../lib/gcc/arm-atollic-eabi/6.3.1/armv7e-m/fpu/fpv5-sp-d16\libgcc.a(_udivmoddi4.o)
                0x08003aa0                __exidx_end = .

.rel.dyn        0x08003aa0        0x0
 .rel.iplt      0x08003aa0        0x0 c:/program files (x86)/atollic/truestudio for stm32 9.3.0/armtools/bin/../lib/gcc/arm-atollic-eabi/6.3.1/armv7e-m/fpu/fpv5-sp-d16/crtbegin.o

.preinit_array  0x08003aa0        0x0
                0x08003aa0                PROVIDE (__preinit_array_start, .)
 *(.preinit_array*)
                0x08003aa0                PROVIDE (__preinit_array_end, .)

.init_array     0x08003aa0        0x4
                0x08003aa0                PROVIDE (__init_array_start, .)
 *(SORT(.init_array.*))
 *(.init_array*)
 .init_array    0x08003aa0        0x4 c:/program files (x86)/atollic/truestudio for stm32 9.3.0/armtools/bin/../lib/gcc/arm-atollic-eabi/6.3.1/armv7e-m/fpu/fpv5-sp-d16/crtbegin.o
                0x08003aa4                PROVIDE (__init_array_end, .)

.fini_array     0x08003aa4        0x4
                [!provide]                PROVIDE (__fini_array_start, .)
 *(SORT(.fini_array.*))
 *(.fini_array*)
 .fini_array    0x08003aa4        0x4 c:/program files (x86)/atollic/truestudio for stm32 9.3.0/armtools/bin/../lib/gcc/arm-atollic-eabi/6.3.1/armv7e-m/fpu/fpv5-sp-d16/crtbegin.o
                [!provide]                PROVIDE (__fini_array_end, .)
                0x08003aa8                _sidata = LOADADDR (.data)

.data           0x20000000      0x170 load address 0x08003aa8
                0x20000000                . = ALIGN (0x4)
                0x20000000                _sdata = .
 *(.data)
 *(.data*)
 .data.uwTickFreq
                0x20000000        0x1 Drivers\STM32F7xx_HAL_Driver\Src\stm32f7xx_hal.o
                0x20000000                uwTickFreq
 *fill*         0x20000001        0x3 
 .data.uwTickPrio
                0x20000004        0x4 Drivers\STM32F7xx_HAL_Driver\Src\stm32f7xx_hal.o
                0x20000004                uwTickPrio
 .data.pPrintStr
                0x20000008       0xfe Src\main.o
                0x20000008                pPrintStr
 *fill*         0x20000106        0x2 
 .data.SystemCoreClock
                0x20000108        0x4 Src\system_stm32f7xx.o
                0x20000108                SystemCoreClock
 .data._impure_ptr
                0x2000010c        0x4 c:/program files (x86)/atollic/truestudio for stm32 9.3.0/armtools/bin/../lib/gcc/arm-atollic-eabi/6.3.1/../../../../arm-atollic-eabi/lib/armv7e-m/fpu/fpv5-sp-d16\libc_nano.a(lib_a-impure.o)
                0x2000010c                _impure_ptr
 .data.impure_data
                0x20000110       0x60 c:/program files (x86)/atollic/truestudio for stm32 9.3.0/armtools/bin/../lib/gcc/arm-atollic-eabi/6.3.1/../../../../arm-atollic-eabi/lib/armv7e-m/fpu/fpv5-sp-d16\libc_nano.a(lib_a-impure.o)
                0x20000170                . = ALIGN (0x4)
                0x20000170                _edata = .

.igot.plt       0x20000170        0x0 load address 0x08003c18
 .igot.plt      0x20000170        0x0 c:/program files (x86)/atollic/truestudio for stm32 9.3.0/armtools/bin/../lib/gcc/arm-atollic-eabi/6.3.1/armv7e-m/fpu/fpv5-sp-d16/crtbegin.o
                0x20000170                . = ALIGN (0x4)

.bss            0x20000170      0x560 load address 0x08003c18
                0x20000170                _sbss = .
                0x20000170                __bss_start__ = _sbss
 *(.bss)
 .bss           0x20000170       0x1c c:/program files (x86)/atollic/truestudio for stm32 9.3.0/armtools/bin/../lib/gcc/arm-atollic-eabi/6.3.1/armv7e-m/fpu/fpv5-sp-d16/crtbegin.o
 *(.bss*)
 .bss.Error_HandlerCo.9560
                0x2000018c        0x4 Src\main.o
 .bss.sConfig   0x20000190       0x10 Src\main.o
                0x20000190                sConfig
 .bss.heap_end.7010
                0x200001a0        0x4 Src\syscalls.o
 .bss.__malloc_free_list
                0x200001a4        0x4 c:/program files (x86)/atollic/truestudio for stm32 9.3.0/armtools/bin/../lib/gcc/arm-atollic-eabi/6.3.1/../../../../arm-atollic-eabi/lib/armv7e-m/fpu/fpv5-sp-d16\libc_nano.a(lib_a-nano-mallocr.o)
                0x200001a4                __malloc_free_list
 .bss.__malloc_sbrk_start
                0x200001a8        0x4 c:/program files (x86)/atollic/truestudio for stm32 9.3.0/armtools/bin/../lib/gcc/arm-atollic-eabi/6.3.1/../../../../arm-atollic-eabi/lib/armv7e-m/fpu/fpv5-sp-d16\libc_nano.a(lib_a-nano-mallocr.o)
                0x200001a8                __malloc_sbrk_start
 *(COMMON)
 COMMON         0x200001ac        0x4 Drivers\STM32F7xx_HAL_Driver\Src\stm32f7xx_hal.o
                0x200001ac                uwTick
 COMMON         0x200001b0      0x51c Src\main.o
                0x200001b0                huart3
                0x20000230                I2C_TransmissionResult
                0x20000234                hi2c1
                0x20000280                hpcd_USB_OTG_FS
                0x20000684                hadc1
 COMMON         0x200006cc        0x4 c:/program files (x86)/atollic/truestudio for stm32 9.3.0/armtools/bin/../lib/gcc/arm-atollic-eabi/6.3.1/../../../../arm-atollic-eabi/lib/armv7e-m/fpu/fpv5-sp-d16\libc_nano.a(lib_a-reent.o)
                0x200006cc                errno
                0x200006d0                . = ALIGN (0x4)
                0x200006d0                _ebss = .
                0x200006d0                __bss_end__ = _ebss

._user_heap_stack
                0x200006d0      0x600 load address 0x08003c18
                0x200006d0                . = ALIGN (0x4)
                0x200006d0                PROVIDE (end, .)
                [!provide]                PROVIDE (_end, .)
                0x200008d0                . = (. + _Min_Heap_Size)
 *fill*         0x200006d0      0x200 
                0x20000cd0                . = (. + _Min_Stack_Size)
 *fill*         0x200008d0      0x400 
                0x20000cd0                . = ALIGN (0x4)

/DISCARD/
 libc.a(*)
 libm.a(*)
 libgcc.a(*)

.ARM.attributes
                0x00000000       0x30
 *(.ARM.attributes)
 .ARM.attributes
                0x00000000       0x22 c:/program files (x86)/atollic/truestudio for stm32 9.3.0/armtools/bin/../lib/gcc/arm-atollic-eabi/6.3.1/armv7e-m/fpu/fpv5-sp-d16/crti.o
 .ARM.attributes
                0x00000022       0x34 c:/program files (x86)/atollic/truestudio for stm32 9.3.0/armtools/bin/../lib/gcc/arm-atollic-eabi/6.3.1/armv7e-m/fpu/fpv5-sp-d16/crtbegin.o
 .ARM.attributes
                0x00000056       0x39 Drivers\STM32F7xx_HAL_Driver\Src\stm32f7xx_hal.o
 .ARM.attributes
                0x0000008f       0x39 Drivers\STM32F7xx_HAL_Driver\Src\stm32f7xx_hal_adc.o
 .ARM.attributes
                0x000000c8       0x39 Drivers\STM32F7xx_HAL_Driver\Src\stm32f7xx_hal_cortex.o
 .ARM.attributes
                0x00000101       0x39 Drivers\STM32F7xx_HAL_Driver\Src\stm32f7xx_hal_gpio.o
 .ARM.attributes
                0x0000013a       0x39 Drivers\STM32F7xx_HAL_Driver\Src\stm32f7xx_hal_i2c.o
 .ARM.attributes
                0x00000173       0x39 Drivers\STM32F7xx_HAL_Driver\Src\stm32f7xx_hal_i2c_ex.o
 .ARM.attributes
                0x000001ac       0x39 Drivers\STM32F7xx_HAL_Driver\Src\stm32f7xx_hal_pcd.o
 .ARM.attributes
                0x000001e5       0x39 Drivers\STM32F7xx_HAL_Driver\Src\stm32f7xx_hal_pcd_ex.o
 .ARM.attributes
                0x0000021e       0x39 Drivers\STM32F7xx_HAL_Driver\Src\stm32f7xx_hal_pwr.o
 .ARM.attributes
                0x00000257       0x39 Drivers\STM32F7xx_HAL_Driver\Src\stm32f7xx_hal_pwr_ex.o
 .ARM.attributes
                0x00000290       0x39 Drivers\STM32F7xx_HAL_Driver\Src\stm32f7xx_hal_rcc.o
 .ARM.attributes
                0x000002c9       0x39 Drivers\STM32F7xx_HAL_Driver\Src\stm32f7xx_hal_rcc_ex.o
 .ARM.attributes
                0x00000302       0x39 Drivers\STM32F7xx_HAL_Driver\Src\stm32f7xx_hal_uart.o
 .ARM.attributes
                0x0000033b       0x39 Drivers\STM32F7xx_HAL_Driver\Src\stm32f7xx_ll_usb.o
 .ARM.attributes
                0x00000374       0x39 Src\main.o
 .ARM.attributes
                0x000003ad       0x39 Src\stm32f7xx_hal_msp.o
 .ARM.attributes
                0x000003e6       0x39 Src\stm32f7xx_it.o
 .ARM.attributes
                0x0000041f       0x39 Src\syscalls.o
 .ARM.attributes
                0x00000458       0x39 Src\system_stm32f7xx.o
 .ARM.attributes
                0x00000491       0x21 startup\startup_stm32f722xx.o
 .ARM.attributes
                0x000004b2       0x34 c:/program files (x86)/atollic/truestudio for stm32 9.3.0/armtools/bin/../lib/gcc/arm-atollic-eabi/6.3.1/../../../../arm-atollic-eabi/lib/armv7e-m/fpu/fpv5-sp-d16\libc_nano.a(lib_a-errno.o)
 .ARM.attributes
                0x000004e6       0x34 c:/program files (x86)/atollic/truestudio for stm32 9.3.0/armtools/bin/../lib/gcc/arm-atollic-eabi/6.3.1/../../../../arm-atollic-eabi/lib/armv7e-m/fpu/fpv5-sp-d16\libc_nano.a(lib_a-impure.o)
 .ARM.attributes
                0x0000051a       0x34 c:/program files (x86)/atollic/truestudio for stm32 9.3.0/armtools/bin/../lib/gcc/arm-atollic-eabi/6.3.1/../../../../arm-atollic-eabi/lib/armv7e-m/fpu/fpv5-sp-d16\libc_nano.a(lib_a-init.o)
 .ARM.attributes
                0x0000054e       0x34 c:/program files (x86)/atollic/truestudio for stm32 9.3.0/armtools/bin/../lib/gcc/arm-atollic-eabi/6.3.1/../../../../arm-atollic-eabi/lib/armv7e-m/fpu/fpv5-sp-d16\libc_nano.a(lib_a-memset.o)
 .ARM.attributes
                0x00000582       0x34 c:/program files (x86)/atollic/truestudio for stm32 9.3.0/armtools/bin/../lib/gcc/arm-atollic-eabi/6.3.1/../../../../arm-atollic-eabi/lib/armv7e-m/fpu/fpv5-sp-d16\libc_nano.a(lib_a-sprintf.o)
 .ARM.attributes
                0x000005b6       0x1b c:/program files (x86)/atollic/truestudio for stm32 9.3.0/armtools/bin/../lib/gcc/arm-atollic-eabi/6.3.1/../../../../arm-atollic-eabi/lib/armv7e-m/fpu/fpv5-sp-d16\libc_nano.a(lib_a-strlen.o)
 .ARM.attributes
                0x000005d1       0x34 c:/program files (x86)/atollic/truestudio for stm32 9.3.0/armtools/bin/../lib/gcc/arm-atollic-eabi/6.3.1/../../../../arm-atollic-eabi/lib/armv7e-m/fpu/fpv5-sp-d16\libc_nano.a(lib_a-nano-svfprintf.o)
 .ARM.attributes
                0x00000605       0x34 c:/program files (x86)/atollic/truestudio for stm32 9.3.0/armtools/bin/../lib/gcc/arm-atollic-eabi/6.3.1/../../../../arm-atollic-eabi/lib/armv7e-m/fpu/fpv5-sp-d16\libc_nano.a(lib_a-nano-vfprintf_i.o)
 .ARM.attributes
                0x00000639       0x20 c:/program files (x86)/atollic/truestudio for stm32 9.3.0/armtools/bin/../lib/gcc/arm-atollic-eabi/6.3.1/../../../../arm-atollic-eabi/lib/armv7e-m/fpu/fpv5-sp-d16\libc_nano.a(lib_a-memchr.o)
 .ARM.attributes
                0x00000659       0x34 c:/program files (x86)/atollic/truestudio for stm32 9.3.0/armtools/bin/../lib/gcc/arm-atollic-eabi/6.3.1/../../../../arm-atollic-eabi/lib/armv7e-m/fpu/fpv5-sp-d16\libc_nano.a(lib_a-memcpy-stub.o)
 .ARM.attributes
                0x0000068d       0x34 c:/program files (x86)/atollic/truestudio for stm32 9.3.0/armtools/bin/../lib/gcc/arm-atollic-eabi/6.3.1/../../../../arm-atollic-eabi/lib/armv7e-m/fpu/fpv5-sp-d16\libc_nano.a(lib_a-memmove.o)
 .ARM.attributes
                0x000006c1       0x34 c:/program files (x86)/atollic/truestudio for stm32 9.3.0/armtools/bin/../lib/gcc/arm-atollic-eabi/6.3.1/../../../../arm-atollic-eabi/lib/armv7e-m/fpu/fpv5-sp-d16\libc_nano.a(lib_a-nano-freer.o)
 .ARM.attributes
                0x000006f5       0x34 c:/program files (x86)/atollic/truestudio for stm32 9.3.0/armtools/bin/../lib/gcc/arm-atollic-eabi/6.3.1/../../../../arm-atollic-eabi/lib/armv7e-m/fpu/fpv5-sp-d16\libc_nano.a(lib_a-nano-mallocr.o)
 .ARM.attributes
                0x00000729       0x34 c:/program files (x86)/atollic/truestudio for stm32 9.3.0/armtools/bin/../lib/gcc/arm-atollic-eabi/6.3.1/../../../../arm-atollic-eabi/lib/armv7e-m/fpu/fpv5-sp-d16\libc_nano.a(lib_a-nano-reallocr.o)
 .ARM.attributes
                0x0000075d       0x34 c:/program files (x86)/atollic/truestudio for stm32 9.3.0/armtools/bin/../lib/gcc/arm-atollic-eabi/6.3.1/../../../../arm-atollic-eabi/lib/armv7e-m/fpu/fpv5-sp-d16\libc_nano.a(lib_a-sbrkr.o)
 .ARM.attributes
                0x00000791       0x34 c:/program files (x86)/atollic/truestudio for stm32 9.3.0/armtools/bin/../lib/gcc/arm-atollic-eabi/6.3.1/../../../../arm-atollic-eabi/lib/armv7e-m/fpu/fpv5-sp-d16\libc_nano.a(lib_a-mlock.o)
 .ARM.attributes
                0x000007c5       0x34 c:/program files (x86)/atollic/truestudio for stm32 9.3.0/armtools/bin/../lib/gcc/arm-atollic-eabi/6.3.1/../../../../arm-atollic-eabi/lib/armv7e-m/fpu/fpv5-sp-d16\libc_nano.a(lib_a-nano-msizer.o)
 .ARM.attributes
                0x000007f9       0x34 c:/program files (x86)/atollic/truestudio for stm32 9.3.0/armtools/bin/../lib/gcc/arm-atollic-eabi/6.3.1/../../../../arm-atollic-eabi/lib/armv7e-m/fpu/fpv5-sp-d16\libc_nano.a(lib_a-reent.o)
 .ARM.attributes
                0x0000082d       0x22 c:/program files (x86)/atollic/truestudio for stm32 9.3.0/armtools/bin/../lib/gcc/arm-atollic-eabi/6.3.1/armv7e-m/fpu/fpv5-sp-d16\libgcc.a(_aeabi_uldivmod.o)
 .ARM.attributes
                0x0000084f       0x34 c:/program files (x86)/atollic/truestudio for stm32 9.3.0/armtools/bin/../lib/gcc/arm-atollic-eabi/6.3.1/armv7e-m/fpu/fpv5-sp-d16\libgcc.a(_udivmoddi4.o)
 .ARM.attributes
                0x00000883       0x22 c:/program files (x86)/atollic/truestudio for stm32 9.3.0/armtools/bin/../lib/gcc/arm-atollic-eabi/6.3.1/armv7e-m/fpu/fpv5-sp-d16\libgcc.a(_dvmd_tls.o)
 .ARM.attributes
                0x000008a5       0x22 c:/program files (x86)/atollic/truestudio for stm32 9.3.0/armtools/bin/../lib/gcc/arm-atollic-eabi/6.3.1/armv7e-m/fpu/fpv5-sp-d16/crtn.o
OUTPUT(RC_SCK25.elf elf32-littlearm)

.debug_info     0x00000000    0x14e80
 .debug_info    0x00000000      0xa2b Drivers\STM32F7xx_HAL_Driver\Src\stm32f7xx_hal.o
 .debug_info    0x00000a2b      0xdbd Drivers\STM32F7xx_HAL_Driver\Src\stm32f7xx_hal_adc.o
 .debug_info    0x000017e8     0x116a Drivers\STM32F7xx_HAL_Driver\Src\stm32f7xx_hal_cortex.o
 .debug_info    0x00002952      0x7ec Drivers\STM32F7xx_HAL_Driver\Src\stm32f7xx_hal_gpio.o
 .debug_info    0x0000313e     0x396c Drivers\STM32F7xx_HAL_Driver\Src\stm32f7xx_hal_i2c.o
 .debug_info    0x00006aaa      0x9f6 Drivers\STM32F7xx_HAL_Driver\Src\stm32f7xx_hal_i2c_ex.o
 .debug_info    0x000074a0     0x182f Drivers\STM32F7xx_HAL_Driver\Src\stm32f7xx_hal_pcd.o
 .debug_info    0x00008ccf      0x80f Drivers\STM32F7xx_HAL_Driver\Src\stm32f7xx_hal_pcd_ex.o
 .debug_info    0x000094de      0x9c7 Drivers\STM32F7xx_HAL_Driver\Src\stm32f7xx_hal_pwr.o
 .debug_info    0x00009ea5      0xa4c Drivers\STM32F7xx_HAL_Driver\Src\stm32f7xx_hal_pwr_ex.o
 .debug_info    0x0000a8f1      0xb4c Drivers\STM32F7xx_HAL_Driver\Src\stm32f7xx_hal_rcc.o
 .debug_info    0x0000b43d      0x899 Drivers\STM32F7xx_HAL_Driver\Src\stm32f7xx_hal_rcc_ex.o
 .debug_info    0x0000bcd6     0x1bc4 Drivers\STM32F7xx_HAL_Driver\Src\stm32f7xx_hal_uart.o
 .debug_info    0x0000d89a     0x1bd2 Drivers\STM32F7xx_HAL_Driver\Src\stm32f7xx_ll_usb.o
 .debug_info    0x0000f46c     0x299e Src\main.o
 .debug_info    0x00011e0a     0x16d4 Src\stm32f7xx_hal_msp.o
 .debug_info    0x000134de      0x229 Src\stm32f7xx_it.o
 .debug_info    0x00013707      0xfbf Src\syscalls.o
 .debug_info    0x000146c6      0x748 Src\system_stm32f7xx.o
 .debug_info    0x00014e0e       0x72 startup\startup_stm32f722xx.o

.debug_abbrev   0x00000000     0x27a1
 .debug_abbrev  0x00000000      0x1eb Drivers\STM32F7xx_HAL_Driver\Src\stm32f7xx_hal.o
 .debug_abbrev  0x000001eb      0x231 Drivers\STM32F7xx_HAL_Driver\Src\stm32f7xx_hal_adc.o
 .debug_abbrev  0x0000041c      0x326 Drivers\STM32F7xx_HAL_Driver\Src\stm32f7xx_hal_cortex.o
 .debug_abbrev  0x00000742      0x1e5 Drivers\STM32F7xx_HAL_Driver\Src\stm32f7xx_hal_gpio.o
 .debug_abbrev  0x00000927      0x26c Drivers\STM32F7xx_HAL_Driver\Src\stm32f7xx_hal_i2c.o
 .debug_abbrev  0x00000b93      0x1a8 Drivers\STM32F7xx_HAL_Driver\Src\stm32f7xx_hal_i2c_ex.o
 .debug_abbrev  0x00000d3b      0x283 Drivers\STM32F7xx_HAL_Driver\Src\stm32f7xx_hal_pcd.o
 .debug_abbrev  0x00000fbe      0x1dc Drivers\STM32F7xx_HAL_Driver\Src\stm32f7xx_hal_pcd_ex.o
 .debug_abbrev  0x0000119a      0x1b6 Drivers\STM32F7xx_HAL_Driver\Src\stm32f7xx_hal_pwr.o
 .debug_abbrev  0x00001350      0x1be Drivers\STM32F7xx_HAL_Driver\Src\stm32f7xx_hal_pwr_ex.o
 .debug_abbrev  0x0000150e      0x23f Drivers\STM32F7xx_HAL_Driver\Src\stm32f7xx_hal_rcc.o
 .debug_abbrev  0x0000174d      0x193 Drivers\STM32F7xx_HAL_Driver\Src\stm32f7xx_hal_rcc_ex.o
 .debug_abbrev  0x000018e0      0x24b Drivers\STM32F7xx_HAL_Driver\Src\stm32f7xx_hal_uart.o
 .debug_abbrev  0x00001b2b      0x29f Drivers\STM32F7xx_HAL_Driver\Src\stm32f7xx_ll_usb.o
 .debug_abbrev  0x00001dca      0x2de Src\main.o
 .debug_abbrev  0x000020a8      0x222 Src\stm32f7xx_hal_msp.o
 .debug_abbrev  0x000022ca       0xe2 Src\stm32f7xx_it.o
 .debug_abbrev  0x000023ac      0x29e Src\syscalls.o
 .debug_abbrev  0x0000264a      0x145 Src\system_stm32f7xx.o
 .debug_abbrev  0x0000278f       0x12 startup\startup_stm32f722xx.o

.debug_loc      0x00000000     0xaffd
 .debug_loc     0x00000000      0x108 Drivers\STM32F7xx_HAL_Driver\Src\stm32f7xx_hal.o
 .debug_loc     0x00000108      0x8a9 Drivers\STM32F7xx_HAL_Driver\Src\stm32f7xx_hal_adc.o
 .debug_loc     0x000009b1      0x608 Drivers\STM32F7xx_HAL_Driver\Src\stm32f7xx_hal_cortex.o
 .debug_loc     0x00000fb9      0x3e1 Drivers\STM32F7xx_HAL_Driver\Src\stm32f7xx_hal_gpio.o
 .debug_loc     0x0000139a     0x4247 Drivers\STM32F7xx_HAL_Driver\Src\stm32f7xx_hal_i2c.o
 .debug_loc     0x000055e1      0x15e Drivers\STM32F7xx_HAL_Driver\Src\stm32f7xx_hal_i2c_ex.o
 .debug_loc     0x0000573f      0xf30 Drivers\STM32F7xx_HAL_Driver\Src\stm32f7xx_hal_pcd.o
 .debug_loc     0x0000666f       0xf8 Drivers\STM32F7xx_HAL_Driver\Src\stm32f7xx_hal_pcd_ex.o
 .debug_loc     0x00006767       0x8d Drivers\STM32F7xx_HAL_Driver\Src\stm32f7xx_hal_pwr.o
 .debug_loc     0x000067f4      0x198 Drivers\STM32F7xx_HAL_Driver\Src\stm32f7xx_hal_pwr_ex.o
 .debug_loc     0x0000698c      0x4a2 Drivers\STM32F7xx_HAL_Driver\Src\stm32f7xx_hal_rcc.o
 .debug_loc     0x00006e2e      0x554 Drivers\STM32F7xx_HAL_Driver\Src\stm32f7xx_hal_rcc_ex.o
 .debug_loc     0x00007382     0x16a9 Drivers\STM32F7xx_HAL_Driver\Src\stm32f7xx_hal_uart.o
 .debug_loc     0x00008a2b     0x1d99 Drivers\STM32F7xx_HAL_Driver\Src\stm32f7xx_ll_usb.o
 .debug_loc     0x0000a7c4      0x17e Src\main.o
 .debug_loc     0x0000a942      0x1d0 Src\stm32f7xx_hal_msp.o
 .debug_loc     0x0000ab12      0x3ad Src\syscalls.o
 .debug_loc     0x0000aebf      0x13e Src\system_stm32f7xx.o

.debug_aranges  0x00000000      0xee0
 .debug_aranges
                0x00000000      0x100 Drivers\STM32F7xx_HAL_Driver\Src\stm32f7xx_hal.o
 .debug_aranges
                0x00000100       0xe8 Drivers\STM32F7xx_HAL_Driver\Src\stm32f7xx_hal_adc.o
 .debug_aranges
                0x000001e8       0xa8 Drivers\STM32F7xx_HAL_Driver\Src\stm32f7xx_hal_cortex.o
 .debug_aranges
                0x00000290       0x58 Drivers\STM32F7xx_HAL_Driver\Src\stm32f7xx_hal_gpio.o
 .debug_aranges
                0x000002e8      0x288 Drivers\STM32F7xx_HAL_Driver\Src\stm32f7xx_hal_i2c.o
 .debug_aranges
                0x00000570       0x38 Drivers\STM32F7xx_HAL_Driver\Src\stm32f7xx_hal_i2c_ex.o
 .debug_aranges
                0x000005a8      0x130 Drivers\STM32F7xx_HAL_Driver\Src\stm32f7xx_hal_pcd.o
 .debug_aranges
                0x000006d8       0x48 Drivers\STM32F7xx_HAL_Driver\Src\stm32f7xx_hal_pcd_ex.o
 .debug_aranges
                0x00000720       0xa0 Drivers\STM32F7xx_HAL_Driver\Src\stm32f7xx_hal_pwr.o
 .debug_aranges
                0x000007c0       0x80 Drivers\STM32F7xx_HAL_Driver\Src\stm32f7xx_hal_pwr_ex.o
 .debug_aranges
                0x00000840       0x88 Drivers\STM32F7xx_HAL_Driver\Src\stm32f7xx_hal_rcc.o
 .debug_aranges
                0x000008c8       0x50 Drivers\STM32F7xx_HAL_Driver\Src\stm32f7xx_hal_rcc_ex.o
 .debug_aranges
                0x00000918      0x1f8 Drivers\STM32F7xx_HAL_Driver\Src\stm32f7xx_hal_uart.o
 .debug_aranges
                0x00000b10      0x198 Drivers\STM32F7xx_HAL_Driver\Src\stm32f7xx_ll_usb.o
 .debug_aranges
                0x00000ca8       0x78 Src\main.o
 .debug_aranges
                0x00000d20       0x60 Src\stm32f7xx_hal_msp.o
 .debug_aranges
                0x00000d80       0x60 Src\stm32f7xx_it.o
 .debug_aranges
                0x00000de0       0xb0 Src\syscalls.o
 .debug_aranges
                0x00000e90       0x28 Src\system_stm32f7xx.o
 .debug_aranges
                0x00000eb8       0x28 startup\startup_stm32f722xx.o

.debug_ranges   0x00000000      0xe08
 .debug_ranges  0x00000000       0xf0 Drivers\STM32F7xx_HAL_Driver\Src\stm32f7xx_hal.o
 .debug_ranges  0x000000f0       0xd8 Drivers\STM32F7xx_HAL_Driver\Src\stm32f7xx_hal_adc.o
 .debug_ranges  0x000001c8       0xf8 Drivers\STM32F7xx_HAL_Driver\Src\stm32f7xx_hal_cortex.o
 .debug_ranges  0x000002c0       0x48 Drivers\STM32F7xx_HAL_Driver\Src\stm32f7xx_hal_gpio.o
 .debug_ranges  0x00000308      0x278 Drivers\STM32F7xx_HAL_Driver\Src\stm32f7xx_hal_i2c.o
 .debug_ranges  0x00000580       0x28 Drivers\STM32F7xx_HAL_Driver\Src\stm32f7xx_hal_i2c_ex.o
 .debug_ranges  0x000005a8      0x120 Drivers\STM32F7xx_HAL_Driver\Src\stm32f7xx_hal_pcd.o
 .debug_ranges  0x000006c8       0x38 Drivers\STM32F7xx_HAL_Driver\Src\stm32f7xx_hal_pcd_ex.o
 .debug_ranges  0x00000700       0x90 Drivers\STM32F7xx_HAL_Driver\Src\stm32f7xx_hal_pwr.o
 .debug_ranges  0x00000790       0x70 Drivers\STM32F7xx_HAL_Driver\Src\stm32f7xx_hal_pwr_ex.o
 .debug_ranges  0x00000800       0x78 Drivers\STM32F7xx_HAL_Driver\Src\stm32f7xx_hal_rcc.o
 .debug_ranges  0x00000878       0x40 Drivers\STM32F7xx_HAL_Driver\Src\stm32f7xx_hal_rcc_ex.o
 .debug_ranges  0x000008b8      0x1e8 Drivers\STM32F7xx_HAL_Driver\Src\stm32f7xx_hal_uart.o
 .debug_ranges  0x00000aa0      0x188 Drivers\STM32F7xx_HAL_Driver\Src\stm32f7xx_ll_usb.o
 .debug_ranges  0x00000c28       0x68 Src\main.o
 .debug_ranges  0x00000c90       0x50 Src\stm32f7xx_hal_msp.o
 .debug_ranges  0x00000ce0       0x50 Src\stm32f7xx_it.o
 .debug_ranges  0x00000d30       0xa0 Src\syscalls.o
 .debug_ranges  0x00000dd0       0x18 Src\system_stm32f7xx.o
 .debug_ranges  0x00000de8       0x20 startup\startup_stm32f722xx.o

.debug_macro    0x00000000    0x22103
 .debug_macro   0x00000000      0x230 Drivers\STM32F7xx_HAL_Driver\Src\stm32f7xx_hal.o
 .debug_macro   0x00000230      0x191 Drivers\STM32F7xx_HAL_Driver\Src\stm32f7xx_hal.o
 .debug_macro   0x000003c1       0x2e Drivers\STM32F7xx_HAL_Driver\Src\stm32f7xx_hal.o
 .debug_macro   0x000003ef       0x3b Drivers\STM32F7xx_HAL_Driver\Src\stm32f7xx_hal.o
 .debug_macro   0x0000042a       0x1c Drivers\STM32F7xx_HAL_Driver\Src\stm32f7xx_hal.o
 .debug_macro   0x00000446       0x22 Drivers\STM32F7xx_HAL_Driver\Src\stm32f7xx_hal.o
 .debug_macro   0x00000468       0xdf Drivers\STM32F7xx_HAL_Driver\Src\stm32f7xx_hal.o
 .debug_macro   0x00000547     0x12cd Drivers\STM32F7xx_HAL_Driver\Src\stm32f7xx_hal.o
 .debug_macro   0x00001814      0x11f Drivers\STM32F7xx_HAL_Driver\Src\stm32f7xx_hal.o
 .debug_macro   0x00001933       0x19 Drivers\STM32F7xx_HAL_Driver\Src\stm32f7xx_hal.o
 .debug_macro   0x0000194c    0x15464 Drivers\STM32F7xx_HAL_Driver\Src\stm32f7xx_hal.o
 .debug_macro   0x00016db0       0x43 Drivers\STM32F7xx_HAL_Driver\Src\stm32f7xx_hal.o
 .debug_macro   0x00016df3     0x363d Drivers\STM32F7xx_HAL_Driver\Src\stm32f7xx_hal.o
 .debug_macro   0x0001a430      0x174 Drivers\STM32F7xx_HAL_Driver\Src\stm32f7xx_hal.o
 .debug_macro   0x0001a5a4       0x55 Drivers\STM32F7xx_HAL_Driver\Src\stm32f7xx_hal.o
 .debug_macro   0x0001a5f9     0x1588 Drivers\STM32F7xx_HAL_Driver\Src\stm32f7xx_hal.o
 .debug_macro   0x0001bb81      0x6c4 Drivers\STM32F7xx_HAL_Driver\Src\stm32f7xx_hal.o
 .debug_macro   0x0001c245      0x103 Drivers\STM32F7xx_HAL_Driver\Src\stm32f7xx_hal.o
 .debug_macro   0x0001c348      0x117 Drivers\STM32F7xx_HAL_Driver\Src\stm32f7xx_hal.o
 .debug_macro   0x0001c45f      0x1d8 Drivers\STM32F7xx_HAL_Driver\Src\stm32f7xx_hal.o
 .debug_macro   0x0001c637       0x27 Drivers\STM32F7xx_HAL_Driver\Src\stm32f7xx_hal.o
 .debug_macro   0x0001c65e      0x24f Drivers\STM32F7xx_HAL_Driver\Src\stm32f7xx_hal.o
 .debug_macro   0x0001c8ad       0x71 Drivers\STM32F7xx_HAL_Driver\Src\stm32f7xx_hal.o
 .debug_macro   0x0001c91e       0x58 Drivers\STM32F7xx_HAL_Driver\Src\stm32f7xx_hal.o
 .debug_macro   0x0001c976      0x236 Drivers\STM32F7xx_HAL_Driver\Src\stm32f7xx_hal.o
 .debug_macro   0x0001cbac      0x408 Drivers\STM32F7xx_HAL_Driver\Src\stm32f7xx_hal.o
 .debug_macro   0x0001cfb4      0x161 Drivers\STM32F7xx_HAL_Driver\Src\stm32f7xx_hal.o
 .debug_macro   0x0001d115      0x100 Drivers\STM32F7xx_HAL_Driver\Src\stm32f7xx_hal.o
 .debug_macro   0x0001d215      0x154 Drivers\STM32F7xx_HAL_Driver\Src\stm32f7xx_hal.o
 .debug_macro   0x0001d369      0x2c4 Drivers\STM32F7xx_HAL_Driver\Src\stm32f7xx_hal.o
 .debug_macro   0x0001d62d       0x12 Drivers\STM32F7xx_HAL_Driver\Src\stm32f7xx_hal.o
 .debug_macro   0x0001d63f      0x22c Drivers\STM32F7xx_HAL_Driver\Src\stm32f7xx_hal.o
 .debug_macro   0x0001d86b       0x61 Drivers\STM32F7xx_HAL_Driver\Src\stm32f7xx_hal.o
 .debug_macro   0x0001d8cc       0xa5 Drivers\STM32F7xx_HAL_Driver\Src\stm32f7xx_hal.o
 .debug_macro   0x0001d971      0x12f Drivers\STM32F7xx_HAL_Driver\Src\stm32f7xx_hal.o
 .debug_macro   0x0001daa0      0x108 Drivers\STM32F7xx_HAL_Driver\Src\stm32f7xx_hal.o
 .debug_macro   0x0001dba8       0x35 Drivers\STM32F7xx_HAL_Driver\Src\stm32f7xx_hal.o
 .debug_macro   0x0001dbdd      0x519 Drivers\STM32F7xx_HAL_Driver\Src\stm32f7xx_hal.o
 .debug_macro   0x0001e0f6       0x44 Drivers\STM32F7xx_HAL_Driver\Src\stm32f7xx_hal.o
 .debug_macro   0x0001e13a      0x217 Drivers\STM32F7xx_HAL_Driver\Src\stm32f7xx_hal.o
 .debug_macro   0x0001e351       0xe4 Drivers\STM32F7xx_HAL_Driver\Src\stm32f7xx_hal.o
 .debug_macro   0x0001e435      0x14e Drivers\STM32F7xx_HAL_Driver\Src\stm32f7xx_hal.o
 .debug_macro   0x0001e583      0x20d Drivers\STM32F7xx_HAL_Driver\Src\stm32f7xx_hal_adc.o
 .debug_macro   0x0001e790      0x20c Drivers\STM32F7xx_HAL_Driver\Src\stm32f7xx_hal_cortex.o
 .debug_macro   0x0001e99c      0x242 Drivers\STM32F7xx_HAL_Driver\Src\stm32f7xx_hal_gpio.o
 .debug_macro   0x0001ebde      0x2d1 Drivers\STM32F7xx_HAL_Driver\Src\stm32f7xx_hal_i2c.o
 .debug_macro   0x0001eeaf      0x20c Drivers\STM32F7xx_HAL_Driver\Src\stm32f7xx_hal_i2c_ex.o
 .debug_macro   0x0001f0bb      0x218 Drivers\STM32F7xx_HAL_Driver\Src\stm32f7xx_hal_pcd.o
 .debug_macro   0x0001f2d3      0x20c Drivers\STM32F7xx_HAL_Driver\Src\stm32f7xx_hal_pcd_ex.o
 .debug_macro   0x0001f4df      0x22a Drivers\STM32F7xx_HAL_Driver\Src\stm32f7xx_hal_pwr.o
 .debug_macro   0x0001f709      0x224 Drivers\STM32F7xx_HAL_Driver\Src\stm32f7xx_hal_pwr_ex.o
 .debug_macro   0x0001f92d      0x230 Drivers\STM32F7xx_HAL_Driver\Src\stm32f7xx_hal_rcc.o
 .debug_macro   0x0001fb5d      0x20c Drivers\STM32F7xx_HAL_Driver\Src\stm32f7xx_hal_rcc_ex.o
 .debug_macro   0x0001fd69      0x229 Drivers\STM32F7xx_HAL_Driver\Src\stm32f7xx_hal_uart.o
 .debug_macro   0x0001ff92      0x20c Drivers\STM32F7xx_HAL_Driver\Src\stm32f7xx_ll_usb.o
 .debug_macro   0x0002019e      0x39f Src\main.o
 .debug_macro   0x0002053d       0x40 Src\main.o
 .debug_macro   0x0002057d       0x8d Src\main.o
 .debug_macro   0x0002060a       0x3c Src\main.o
 .debug_macro   0x00020646       0x9c Src\main.o
 .debug_macro   0x000206e2       0x57 Src\main.o
 .debug_macro   0x00020739       0x52 Src\main.o
 .debug_macro   0x0002078b       0x1f Src\main.o
 .debug_macro   0x000207aa       0x43 Src\main.o
 .debug_macro   0x000207ed       0x20 Src\main.o
 .debug_macro   0x0002080d      0x1a3 Src\main.o
 .debug_macro   0x000209b0      0x30d Src\main.o
 .debug_macro   0x00020cbd       0x10 Src\main.o
 .debug_macro   0x00020ccd       0x35 Src\main.o
 .debug_macro   0x00020d02       0x20 Src\main.o
 .debug_macro   0x00020d22       0x1c Src\main.o
 .debug_macro   0x00020d3e       0x10 Src\main.o
 .debug_macro   0x00020d4e       0x10 Src\main.o
 .debug_macro   0x00020d5e       0x1c Src\main.o
 .debug_macro   0x00020d7a       0x52 Src\main.o
 .debug_macro   0x00020dcc       0x40 Src\main.o
 .debug_macro   0x00020e0c       0x10 Src\main.o
 .debug_macro   0x00020e1c       0x40 Src\main.o
 .debug_macro   0x00020e5c       0xd7 Src\main.o
 .debug_macro   0x00020f33       0x16 Src\main.o
 .debug_macro   0x00020f49      0x161 Src\main.o
 .debug_macro   0x000210aa       0xd9 Src\main.o
 .debug_macro   0x00021183       0xc4 Src\main.o
 .debug_macro   0x00021247      0x21b Src\stm32f7xx_hal_msp.o
 .debug_macro   0x00021462      0x225 Src\stm32f7xx_it.o
 .debug_macro   0x00021687      0x236 Src\syscalls.o
 .debug_macro   0x000218bd       0x10 Src\syscalls.o
 .debug_macro   0x000218cd       0x10 Src\syscalls.o
 .debug_macro   0x000218dd       0x10 Src\syscalls.o
 .debug_macro   0x000218ed       0x35 Src\syscalls.o
 .debug_macro   0x00021922      0x122 Src\syscalls.o
 .debug_macro   0x00021a44       0x16 Src\syscalls.o
 .debug_macro   0x00021a5a       0x16 Src\syscalls.o
 .debug_macro   0x00021a70       0x29 Src\syscalls.o
 .debug_macro   0x00021a99       0x10 Src\syscalls.o
 .debug_macro   0x00021aa9      0x241 Src\syscalls.o
 .debug_macro   0x00021cea       0x10 Src\syscalls.o
 .debug_macro   0x00021cfa      0x159 Src\syscalls.o
 .debug_macro   0x00021e53       0x16 Src\syscalls.o
 .debug_macro   0x00021e69       0x88 Src\syscalls.o
 .debug_macro   0x00021ef1      0x212 Src\system_stm32f7xx.o

.debug_line     0x00000000     0xb25f
 .debug_line    0x00000000      0x7f3 Drivers\STM32F7xx_HAL_Driver\Src\stm32f7xx_hal.o
 .debug_line    0x000007f3      0xa3c Drivers\STM32F7xx_HAL_Driver\Src\stm32f7xx_hal_adc.o
 .debug_line    0x0000122f      0x808 Drivers\STM32F7xx_HAL_Driver\Src\stm32f7xx_hal_cortex.o
 .debug_line    0x00001a37      0x756 Drivers\STM32F7xx_HAL_Driver\Src\stm32f7xx_hal_gpio.o
 .debug_line    0x0000218d     0x1996 Drivers\STM32F7xx_HAL_Driver\Src\stm32f7xx_hal_i2c.o
 .debug_line    0x00003b23      0x6a8 Drivers\STM32F7xx_HAL_Driver\Src\stm32f7xx_hal_i2c_ex.o
 .debug_line    0x000041cb      0xb89 Drivers\STM32F7xx_HAL_Driver\Src\stm32f7xx_hal_pcd.o
 .debug_line    0x00004d54      0x667 Drivers\STM32F7xx_HAL_Driver\Src\stm32f7xx_hal_pcd_ex.o
 .debug_line    0x000053bb      0x741 Drivers\STM32F7xx_HAL_Driver\Src\stm32f7xx_hal_pwr.o
 .debug_line    0x00005afc      0x714 Drivers\STM32F7xx_HAL_Driver\Src\stm32f7xx_hal_pwr_ex.o
 .debug_line    0x00006210      0x87a Drivers\STM32F7xx_HAL_Driver\Src\stm32f7xx_hal_rcc.o
 .debug_line    0x00006a8a      0x7ed Drivers\STM32F7xx_HAL_Driver\Src\stm32f7xx_hal_rcc_ex.o
 .debug_line    0x00007277     0x10f5 Drivers\STM32F7xx_HAL_Driver\Src\stm32f7xx_hal_uart.o
 .debug_line    0x0000836c      0xc88 Drivers\STM32F7xx_HAL_Driver\Src\stm32f7xx_ll_usb.o
 .debug_line    0x00008ff4      0x930 Src\main.o
 .debug_line    0x00009924      0x6b5 Src\stm32f7xx_hal_msp.o
 .debug_line    0x00009fd9      0x669 Src\stm32f7xx_it.o
 .debug_line    0x0000a642      0x59d Src\syscalls.o
 .debug_line    0x0000abdf      0x601 Src\system_stm32f7xx.o
 .debug_line    0x0000b1e0       0x7f startup\startup_stm32f722xx.o

.debug_str      0x00000000    0xd6e86
 .debug_str     0x00000000    0xccb16 Drivers\STM32F7xx_HAL_Driver\Src\stm32f7xx_hal.o
                              0xcd2df (size before relaxing)
 .debug_str     0x000ccb16      0x692 Drivers\STM32F7xx_HAL_Driver\Src\stm32f7xx_hal_adc.o
                              0xccf78 (size before relaxing)
 .debug_str     0x000cd1a8      0x460 Drivers\STM32F7xx_HAL_Driver\Src\stm32f7xx_hal_cortex.o
                              0xcd34e (size before relaxing)
 .debug_str     0x000cd608      0x2b9 Drivers\STM32F7xx_HAL_Driver\Src\stm32f7xx_hal_gpio.o
                              0xccc5d (size before relaxing)
 .debug_str     0x000cd8c1      0xf6d Drivers\STM32F7xx_HAL_Driver\Src\stm32f7xx_hal_i2c.o
                              0xcdbb4 (size before relaxing)
 .debug_str     0x000ce82e       0x89 Drivers\STM32F7xx_HAL_Driver\Src\stm32f7xx_hal_i2c_ex.o
                              0xccf44 (size before relaxing)
 .debug_str     0x000ce8b7      0xb20 Drivers\STM32F7xx_HAL_Driver\Src\stm32f7xx_hal_pcd.o
                              0xcd3f8 (size before relaxing)
 .debug_str     0x000cf3d7      0x140 Drivers\STM32F7xx_HAL_Driver\Src\stm32f7xx_hal_pcd_ex.o
                              0xccd94 (size before relaxing)
 .debug_str     0x000cf517      0x2db Drivers\STM32F7xx_HAL_Driver\Src\stm32f7xx_hal_pwr.o
                              0xccd3f (size before relaxing)
 .debug_str     0x000cf7f2      0x1bd Drivers\STM32F7xx_HAL_Driver\Src\stm32f7xx_hal_pwr_ex.o
                              0xccd0d (size before relaxing)
 .debug_str     0x000cf9af      0x37f Drivers\STM32F7xx_HAL_Driver\Src\stm32f7xx_hal_rcc.o
                              0xccdc5 (size before relaxing)
 .debug_str     0x000cfd2e      0x38f Drivers\STM32F7xx_HAL_Driver\Src\stm32f7xx_hal_rcc_ex.o
                              0xccd35 (size before relaxing)
 .debug_str     0x000d00bd      0x959 Drivers\STM32F7xx_HAL_Driver\Src\stm32f7xx_hal_uart.o
                              0xcd604 (size before relaxing)
 .debug_str     0x000d0a16      0x412 Drivers\STM32F7xx_HAL_Driver\Src\stm32f7xx_ll_usb.o
                              0xcd2a5 (size before relaxing)
 .debug_str     0x000d0e28     0x4d7d Src\main.o
                              0xd28f2 (size before relaxing)
 .debug_str     0x000d5ba5       0x1b Src\stm32f7xx_hal_msp.o
                              0xcd91b (size before relaxing)
 .debug_str     0x000d5bc0       0xb8 Src\stm32f7xx_it.o
                              0xccb98 (size before relaxing)
 .debug_str     0x000d5c78     0x11b4 Src\syscalls.o
                               0x8109 (size before relaxing)
 .debug_str     0x000d6e2c       0x5a Src\system_stm32f7xx.o
                              0xcca82 (size before relaxing)

.comment        0x00000000       0x7c
 .comment       0x00000000       0x7c Drivers\STM32F7xx_HAL_Driver\Src\stm32f7xx_hal.o
                                 0x7d (size before relaxing)
 .comment       0x0000007c       0x7d Drivers\STM32F7xx_HAL_Driver\Src\stm32f7xx_hal_adc.o
 .comment       0x0000007c       0x7d Drivers\STM32F7xx_HAL_Driver\Src\stm32f7xx_hal_cortex.o
 .comment       0x0000007c       0x7d Drivers\STM32F7xx_HAL_Driver\Src\stm32f7xx_hal_gpio.o
 .comment       0x0000007c       0x7d Drivers\STM32F7xx_HAL_Driver\Src\stm32f7xx_hal_i2c.o
 .comment       0x0000007c       0x7d Drivers\STM32F7xx_HAL_Driver\Src\stm32f7xx_hal_i2c_ex.o
 .comment       0x0000007c       0x7d Drivers\STM32F7xx_HAL_Driver\Src\stm32f7xx_hal_pcd.o
 .comment       0x0000007c       0x7d Drivers\STM32F7xx_HAL_Driver\Src\stm32f7xx_hal_pcd_ex.o
 .comment       0x0000007c       0x7d Drivers\STM32F7xx_HAL_Driver\Src\stm32f7xx_hal_pwr.o
 .comment       0x0000007c       0x7d Drivers\STM32F7xx_HAL_Driver\Src\stm32f7xx_hal_pwr_ex.o
 .comment       0x0000007c       0x7d Drivers\STM32F7xx_HAL_Driver\Src\stm32f7xx_hal_rcc.o
 .comment       0x0000007c       0x7d Drivers\STM32F7xx_HAL_Driver\Src\stm32f7xx_hal_rcc_ex.o
 .comment       0x0000007c       0x7d Drivers\STM32F7xx_HAL_Driver\Src\stm32f7xx_hal_uart.o
 .comment       0x0000007c       0x7d Drivers\STM32F7xx_HAL_Driver\Src\stm32f7xx_ll_usb.o
 .comment       0x0000007c       0x7d Src\main.o
 .comment       0x0000007c       0x7d Src\stm32f7xx_hal_msp.o
 .comment       0x0000007c       0x7d Src\stm32f7xx_it.o
 .comment       0x0000007c       0x7d Src\syscalls.o
 .comment       0x0000007c       0x7d Src\system_stm32f7xx.o

.debug_frame    0x00000000     0x2b6c
 .debug_frame   0x00000000      0x20c Drivers\STM32F7xx_HAL_Driver\Src\stm32f7xx_hal.o
 .debug_frame   0x0000020c      0x27c Drivers\STM32F7xx_HAL_Driver\Src\stm32f7xx_hal_adc.o
 .debug_frame   0x00000488      0x15c Drivers\STM32F7xx_HAL_Driver\Src\stm32f7xx_hal_cortex.o
 .debug_frame   0x000005e4       0xd0 Drivers\STM32F7xx_HAL_Driver\Src\stm32f7xx_hal_gpio.o
 .debug_frame   0x000006b4      0x8cc Drivers\STM32F7xx_HAL_Driver\Src\stm32f7xx_hal_i2c.o
 .debug_frame   0x00000f80       0x60 Drivers\STM32F7xx_HAL_Driver\Src\stm32f7xx_hal_i2c_ex.o
 .debug_frame   0x00000fe0      0x348 Drivers\STM32F7xx_HAL_Driver\Src\stm32f7xx_hal_pcd.o
 .debug_frame   0x00001328       0x7c Drivers\STM32F7xx_HAL_Driver\Src\stm32f7xx_hal_pcd_ex.o
 .debug_frame   0x000013a4      0x134 Drivers\STM32F7xx_HAL_Driver\Src\stm32f7xx_hal_pwr.o
 .debug_frame   0x000014d8      0x134 Drivers\STM32F7xx_HAL_Driver\Src\stm32f7xx_hal_pwr_ex.o
 .debug_frame   0x0000160c      0x180 Drivers\STM32F7xx_HAL_Driver\Src\stm32f7xx_hal_rcc.o
 .debug_frame   0x0000178c       0xcc Drivers\STM32F7xx_HAL_Driver\Src\stm32f7xx_hal_rcc_ex.o
 .debug_frame   0x00001858      0x58c Drivers\STM32F7xx_HAL_Driver\Src\stm32f7xx_hal_uart.o
 .debug_frame   0x00001de4      0x498 Drivers\STM32F7xx_HAL_Driver\Src\stm32f7xx_ll_usb.o
 .debug_frame   0x0000227c      0x160 Src\main.o
 .debug_frame   0x000023dc      0x10c Src\stm32f7xx_hal_msp.o
 .debug_frame   0x000024e8       0xa8 Src\stm32f7xx_it.o
 .debug_frame   0x00002590      0x1ac Src\syscalls.o
 .debug_frame   0x0000273c       0x3c Src\system_stm32f7xx.o
 .debug_frame   0x00002778       0x20 c:/program files (x86)/atollic/truestudio for stm32 9.3.0/armtools/bin/../lib/gcc/arm-atollic-eabi/6.3.1/../../../../arm-atollic-eabi/lib/armv7e-m/fpu/fpv5-sp-d16\libc_nano.a(lib_a-errno.o)
 .debug_frame   0x00002798       0x2c c:/program files (x86)/atollic/truestudio for stm32 9.3.0/armtools/bin/../lib/gcc/arm-atollic-eabi/6.3.1/../../../../arm-atollic-eabi/lib/armv7e-m/fpu/fpv5-sp-d16\libc_nano.a(lib_a-init.o)
 .debug_frame   0x000027c4       0x20 c:/program files (x86)/atollic/truestudio for stm32 9.3.0/armtools/bin/../lib/gcc/arm-atollic-eabi/6.3.1/../../../../arm-atollic-eabi/lib/armv7e-m/fpu/fpv5-sp-d16\libc_nano.a(lib_a-memset.o)
 .debug_frame   0x000027e4       0x70 c:/program files (x86)/atollic/truestudio for stm32 9.3.0/armtools/bin/../lib/gcc/arm-atollic-eabi/6.3.1/../../../../arm-atollic-eabi/lib/armv7e-m/fpu/fpv5-sp-d16\libc_nano.a(lib_a-sprintf.o)
 .debug_frame   0x00002854       0x90 c:/program files (x86)/atollic/truestudio for stm32 9.3.0/armtools/bin/../lib/gcc/arm-atollic-eabi/6.3.1/../../../../arm-atollic-eabi/lib/armv7e-m/fpu/fpv5-sp-d16\libc_nano.a(lib_a-nano-svfprintf.o)
 .debug_frame   0x000028e4       0x60 c:/program files (x86)/atollic/truestudio for stm32 9.3.0/armtools/bin/../lib/gcc/arm-atollic-eabi/6.3.1/../../../../arm-atollic-eabi/lib/armv7e-m/fpu/fpv5-sp-d16\libc_nano.a(lib_a-nano-vfprintf_i.o)
 .debug_frame   0x00002944       0x28 c:/program files (x86)/atollic/truestudio for stm32 9.3.0/armtools/bin/../lib/gcc/arm-atollic-eabi/6.3.1/../../../../arm-atollic-eabi/lib/armv7e-m/fpu/fpv5-sp-d16\libc_nano.a(lib_a-memcpy-stub.o)
 .debug_frame   0x0000296c       0x28 c:/program files (x86)/atollic/truestudio for stm32 9.3.0/armtools/bin/../lib/gcc/arm-atollic-eabi/6.3.1/../../../../arm-atollic-eabi/lib/armv7e-m/fpu/fpv5-sp-d16\libc_nano.a(lib_a-memmove.o)
 .debug_frame   0x00002994       0x38 c:/program files (x86)/atollic/truestudio for stm32 9.3.0/armtools/bin/../lib/gcc/arm-atollic-eabi/6.3.1/../../../../arm-atollic-eabi/lib/armv7e-m/fpu/fpv5-sp-d16\libc_nano.a(lib_a-nano-freer.o)
 .debug_frame   0x000029cc       0x2c c:/program files (x86)/atollic/truestudio for stm32 9.3.0/armtools/bin/../lib/gcc/arm-atollic-eabi/6.3.1/../../../../arm-atollic-eabi/lib/armv7e-m/fpu/fpv5-sp-d16\libc_nano.a(lib_a-nano-mallocr.o)
 .debug_frame   0x000029f8       0x3c c:/program files (x86)/atollic/truestudio for stm32 9.3.0/armtools/bin/../lib/gcc/arm-atollic-eabi/6.3.1/../../../../arm-atollic-eabi/lib/armv7e-m/fpu/fpv5-sp-d16\libc_nano.a(lib_a-nano-reallocr.o)
 .debug_frame   0x00002a34       0x2c c:/program files (x86)/atollic/truestudio for stm32 9.3.0/armtools/bin/../lib/gcc/arm-atollic-eabi/6.3.1/../../../../arm-atollic-eabi/lib/armv7e-m/fpu/fpv5-sp-d16\libc_nano.a(lib_a-sbrkr.o)
 .debug_frame   0x00002a60       0x30 c:/program files (x86)/atollic/truestudio for stm32 9.3.0/armtools/bin/../lib/gcc/arm-atollic-eabi/6.3.1/../../../../arm-atollic-eabi/lib/armv7e-m/fpu/fpv5-sp-d16\libc_nano.a(lib_a-mlock.o)
 .debug_frame   0x00002a90       0x20 c:/program files (x86)/atollic/truestudio for stm32 9.3.0/armtools/bin/../lib/gcc/arm-atollic-eabi/6.3.1/../../../../arm-atollic-eabi/lib/armv7e-m/fpu/fpv5-sp-d16\libc_nano.a(lib_a-nano-msizer.o)
 .debug_frame   0x00002ab0       0x5c c:/program files (x86)/atollic/truestudio for stm32 9.3.0/armtools/bin/../lib/gcc/arm-atollic-eabi/6.3.1/../../../../arm-atollic-eabi/lib/armv7e-m/fpu/fpv5-sp-d16\libc_nano.a(lib_a-reent.o)
 .debug_frame   0x00002b0c       0x2c c:/program files (x86)/atollic/truestudio for stm32 9.3.0/armtools/bin/../lib/gcc/arm-atollic-eabi/6.3.1/armv7e-m/fpu/fpv5-sp-d16\libgcc.a(_aeabi_uldivmod.o)
 .debug_frame   0x00002b38       0x34 c:/program files (x86)/atollic/truestudio for stm32 9.3.0/armtools/bin/../lib/gcc/arm-atollic-eabi/6.3.1/armv7e-m/fpu/fpv5-sp-d16\libgcc.a(_udivmoddi4.o)
